================================================================================
 ROBOT SYSTEM RUN LOG | STARTED: 2026-08-08 12:48:21
 CSV Telemetry File : logs/telemetry_2026-08-08_12-48-21.csv
 Text System Log File: logs/system_run_2026-08-08_12-48-21.log
================================================================================
[12:48:21.174] [ SYSTEM_START  ] Telemetry and Logging system started cleanly.
[12:48:22.347] [ SYSTEM_STATUS ] [STATUS] [   TRACKING    ] | Steer:  +0.00° (C) | Vel: (0.45m/s, -0.00r/s) | Pose: (-0.00m,  0.00m) | Conf: 0.00 | GPS: (10.775671°, 106.670875° [FIX])
[12:48:23.610] [ SYSTEM_STATUS ] [STATUS] [   TRACKING    ] | Steer:  +0.00° (C) | Vel: (0.45m/s, -0.00r/s) | Pose: ( 0.43m,  0.00m) | Conf: 0.29 | GPS: (10.775671°, 106.670877° [FIX])
[12:48:25.033] [ SYSTEM_STATUS ] [STATUS] [   TRACKING    ] | Steer:  +0.00° (C) | Vel: (0.45m/s, -0.00r/s) | Pose: ( 0.89m, -0.00m) | Conf: 1.00 | GPS: (10.775671°, 106.670879° [FIX])
[12:48:26.556] [ SYSTEM_STATUS ] [STATUS] [   TRACKING    ] | Steer:  -0.00° (C) | Vel: (0.45m/s, +0.01r/s) | Pose: ( 1.37m, -0.00m) | Conf: 0.62 | GPS: (10.775671°, 106.670881° [FIX])
[12:48:27.941] [ SYSTEM_STATUS ] [STATUS] [   TRACKING    ] | Steer:  -0.00° (C) | Vel: (0.45m/s, +0.01r/s) | Pose: ( 1.85m,  0.00m) | Conf: 1.00 | GPS: (10.775671°, 106.670883° [FIX])
[12:48:29.420] [ SYSTEM_STATUS ] [STATUS] [   TRACKING    ] | Steer:  +0.01° (R) | Vel: (0.45m/s, -0.00r/s) | Pose: ( 2.32m,  0.00m) | Conf: 1.00 | GPS: (10.775671°, 106.670886° [FIX])
[12:48:30.892] [ SYSTEM_STATUS ] [STATUS] [   TRACKING    ] | Steer:  +0.00° (C) | Vel: (0.45m/s, +0.00r/s) | Pose: ( 2.79m, -0.00m) | Conf: 1.00 | GPS: (10.775671°, 106.670888° [FIX])
[12:48:32.373] [ SYSTEM_STATUS ] [STATUS] [   TRACKING    ] | Steer:  -0.00° (C) | Vel: (0.45m/s, -0.00r/s) | Pose: ( 3.28m, -0.00m) | Conf: 1.00 | GPS: (10.775671°, 106.670890° [FIX])
[12:48:33.737] [ SYSTEM_STATUS ] [STATUS] [   TRACKING    ] | Steer:  -0.00° (C) | Vel: (0.45m/s, -0.00r/s) | Pose: ( 3.76m, -0.00m) | Conf: 0.58 | GPS: (10.775671°, 106.670892° [FIX])
[12:48:35.145] [ SYSTEM_STATUS ] [STATUS] [   TRACKING    ] | Steer:  -0.00° (C) | Vel: (0.45m/s, -0.00r/s) | Pose: ( 4.22m, -0.00m) | Conf: 1.00 | GPS: (10.775671°, 106.670894° [FIX])
[12:48:36.615] [ SYSTEM_STATUS ] [STATUS] [   TRACKING    ] | Steer:  +0.00° (C) | Vel: (0.45m/s, +0.00r/s) | Pose: ( 4.70m, -0.00m) | Conf: 0.94 | GPS: (10.775671°, 106.670897° [FIX])
[12:48:38.027] [ SYSTEM_STATUS ] [STATUS] [   TRACKING    ] | Steer:  +0.00° (C) | Vel: (0.45m/s, +0.00r/s) | Pose: ( 5.15m, -0.00m) | Conf: 1.00 | GPS: (10.775671°, 106.670899° [FIX])
[12:48:39.498] [ SYSTEM_STATUS ] [STATUS] [   TRACKING    ] | Steer:  -0.01° (L) | Vel: (0.45m/s, +0.00r/s) | Pose: ( 5.62m, -0.00m) | Conf: 1.00 | GPS: (10.775671°, 106.670901° [FIX])
[12:48:40.978] [ SYSTEM_STATUS ] [STATUS] [   TRACKING    ] | Steer:  -0.00° (C) | Vel: (0.45m/s, -0.00r/s) | Pose: ( 6.10m, -0.00m) | Conf: 1.00 | GPS: (10.775671°, 106.670903° [FIX])
[12:48:42.405] [ SYSTEM_STATUS ] [STATUS] [   TRACKING    ] | Steer:  +0.01° (R) | Vel: (0.45m/s, -0.01r/s) | Pose: ( 6.57m,  0.00m) | Conf: 1.00 | GPS: (10.775671°, 106.670905° [FIX])
[12:48:43.817] [ SYSTEM_STATUS ] [STATUS] [   TRACKING    ] | Steer:  +0.01° (R) | Vel: (0.45m/s, -0.01r/s) | Pose: ( 7.04m,  0.00m) | Conf: 0.81 | GPS: (10.775671°, 106.670907° [FIX])
[12:48:45.215] [ SYSTEM_STATUS ] [STATUS] [   TRACKING    ] | Steer:  +0.01° (R) | Vel: (0.45m/s, -0.01r/s) | Pose: ( 7.52m,  0.00m) | Conf: 1.00 | GPS: (10.775671°, 106.670909° [FIX])
[12:48:46.676] [ SYSTEM_STATUS ] [STATUS] [   TRACKING    ] | Steer:  -0.02° (L) | Vel: (0.45m/s, +0.00r/s) | Pose: ( 7.99m,  0.00m) | Conf: 1.00 | GPS: (10.775671°, 106.670912° [FIX])
[12:48:48.150] [ SYSTEM_STATUS ] [STATUS] [   TRACKING    ] | Steer:  -0.01° (L) | Vel: (0.45m/s, +0.00r/s) | Pose: ( 8.47m,  0.00m) | Conf: 1.00 | GPS: (10.775671°, 106.670914° [FIX])
[12:48:55.863] [FSM_TRANSITION ] TRACKING -> UTURN_PLANNING
[12:48:56.310] [FSM_TRANSITION ] UTURN_PLANNING -> PATH_FOLLOWING
[12:48:56.312] [ SYSTEM_STATUS ] [STATUS] [UTURN_PLANNING ] | Steer:  +0.00° (C) | Vel: (0.00m/s, +0.00r/s) | Pose: (11.06m,  0.03m) | Conf: 0.00 | GPS: (10.775671°, 106.670926° [FIX])
[12:48:57.434] [ SYSTEM_STATUS ] [STATUS] [PATH_FOLLOWING ] | Steer: +82.44° (R) | Vel: (0.12m/s, -1.50r/s) | Pose: (11.08m,  0.01m) | Conf: 0.00 | GPS: (10.775671°, 106.670926° [FIX])
[12:48:58.894] [ SYSTEM_STATUS ] [STATUS] [PATH_FOLLOWING ] | Steer: +36.96° (R) | Vel: (0.25m/s, -0.32r/s) | Pose: (11.02m, -0.19m) | Conf: 0.00 | GPS: (10.775670°, 106.670927° [FIX])
[12:49:00.343] [ SYSTEM_STATUS ] [STATUS] [PATH_FOLLOWING ] | Steer:  +0.73° (R) | Vel: (0.25m/s, -0.01r/s) | Pose: (10.87m, -0.39m) | Conf: 0.00 | GPS: (10.775669°, 106.670927° [FIX])
[12:49:01.687] [ SYSTEM_STATUS ] [STATUS] [PATH_FOLLOWING ] | Steer:  +0.02° (R) | Vel: (0.25m/s, -0.00r/s) | Pose: (10.70m, -0.60m) | Conf: 0.00 | GPS: (10.775668°, 106.670927° [FIX])
[12:49:01.880] [FSM_TRANSITION ] PATH_FOLLOWING -> UTURN_EXECUTION
[12:49:02.995] [FSM_TRANSITION ] UTURN_EXECUTION -> TRACKING
[12:49:03.102] [ SYSTEM_STATUS ] [STATUS] [   TRACKING    ] | Steer:  +0.81° (R) | Vel: (0.45m/s, -0.32r/s) | Pose: (10.50m, -0.68m) | Conf: 0.58 | GPS: (10.775667°, 106.670928° [FIX])
[12:49:04.465] [ SYSTEM_STATUS ] [STATUS] [   TRACKING    ] | Steer:  +0.81° (R) | Vel: (0.45m/s, -0.16r/s) | Pose: (10.11m, -0.43m) | Conf: 1.00 | GPS: (10.775666°, 106.670927° [FIX])
[12:49:05.395] [FSM_TRANSITION ] TRACKING -> REACTIVE_AVOID
[12:49:05.827] [ SYSTEM_STATUS ] [STATUS] [REACTIVE_AVOID ] | Steer:  +0.53° (R) | Vel: (0.00m/s, +0.00r/s) | Pose: ( 9.86m, -0.21m) | Conf: 1.00 | GPS: (10.775664°, 106.670926° [FIX])
[12:49:07.148] [ SYSTEM_STATUS ] [STATUS] [REACTIVE_AVOID ] | Steer:  +0.53° (R) | Vel: (0.00m/s, +0.00r/s) | Pose: ( 9.86m, -0.21m) | Conf: 1.00 | GPS: (10.775664°, 106.670926° [FIX])
