================================================================================
 ROBOT SYSTEM RUN LOG | STARTED: 2026-08-08 23:52:33
 CSV Telemetry File : logs/telemetry_2026-08-08_23-52-33.csv
 Text System Log File: logs/system_run_2026-08-08_23-52-33.log
================================================================================
[23:52:33.710] [ SYSTEM_START  ] Telemetry and Logging system started cleanly.
[23:52:36.667] [ SYSTEM_STATUS ] [STATUS] [   TRACKING    ] | Steer:  +0.00° (C) | Vel: (0.45m/s, -0.00r/s) | Pose: ( 0.00m,  0.00m) | Conf: 0.00 | GPS: (10.775667°, 106.670889° [NO_FIX])
[23:52:38.163] [ SYSTEM_STATUS ] [STATUS] [   TRACKING    ] | Steer:  +0.00° (C) | Vel: (0.45m/s, -0.00r/s) | Pose: ( 0.46m, -0.00m) | Conf: 0.37 | GPS: (10.775671°, 106.670877° [FIX])
[23:52:39.535] [ SYSTEM_STATUS ] [STATUS] [   TRACKING    ] | Steer:  -0.00° (C) | Vel: (0.45m/s, -0.00r/s) | Pose: ( 0.93m, -0.00m) | Conf: 1.00 | GPS: (10.775671°, 106.670879° [FIX])
[23:52:40.835] [ SYSTEM_STATUS ] [STATUS] [   TRACKING    ] | Steer:  -0.00° (C) | Vel: (0.45m/s, +0.01r/s) | Pose: ( 1.38m, -0.00m) | Conf: 0.65 | GPS: (10.775671°, 106.670882° [FIX])
[23:52:42.326] [ SYSTEM_STATUS ] [STATUS] [   TRACKING    ] | Steer:  -0.01° (L) | Vel: (0.45m/s, +0.00r/s) | Pose: ( 1.85m,  0.00m) | Conf: 1.00 | GPS: (10.775671°, 106.670884° [FIX])
[23:52:43.813] [ SYSTEM_STATUS ] [STATUS] [   TRACKING    ] | Steer:  +0.02° (R) | Vel: (0.45m/s, -0.01r/s) | Pose: ( 2.30m,  0.00m) | Conf: 0.98 | GPS: (10.775671°, 106.670886° [FIX])
[23:52:45.139] [ SYSTEM_STATUS ] [STATUS] [   TRACKING    ] | Steer:  +0.01° (R) | Vel: (0.45m/s, -0.00r/s) | Pose: ( 2.78m, -0.00m) | Conf: 1.00 | GPS: (10.775671°, 106.670888° [FIX])
[23:52:46.486] [ SYSTEM_STATUS ] [STATUS] [   TRACKING    ] | Steer:  +0.00° (C) | Vel: (0.45m/s, +0.00r/s) | Pose: ( 3.24m, -0.00m) | Conf: 1.00 | GPS: (10.775671°, 106.670890° [FIX])
[23:52:47.976] [ SYSTEM_STATUS ] [STATUS] [   TRACKING    ] | Steer:  -0.00° (C) | Vel: (0.45m/s, -0.00r/s) | Pose: ( 3.72m, -0.00m) | Conf: 0.79 | GPS: (10.775671°, 106.670892° [FIX])
[23:52:49.458] [ SYSTEM_STATUS ] [STATUS] [   TRACKING    ] | Steer:  -0.00° (C) | Vel: (0.45m/s, -0.00r/s) | Pose: ( 4.19m, -0.00m) | Conf: 1.00 | GPS: (10.775671°, 106.670894° [FIX])
[23:52:50.825] [ SYSTEM_STATUS ] [STATUS] [   TRACKING    ] | Steer:  -0.00° (C) | Vel: (0.45m/s, -0.00r/s) | Pose: ( 4.67m, -0.00m) | Conf: 0.90 | GPS: (10.775671°, 106.670896° [FIX])
[23:52:52.286] [ SYSTEM_STATUS ] [STATUS] [   TRACKING    ] | Steer:  -0.00° (C) | Vel: (0.45m/s, -0.00r/s) | Pose: ( 5.15m, -0.01m) | Conf: 1.00 | GPS: (10.775671°, 106.670899° [FIX])
[23:52:53.581] [ SYSTEM_STATUS ] [STATUS] [   TRACKING    ] | Steer:  -0.02° (L) | Vel: (0.45m/s, +0.00r/s) | Pose: ( 5.60m, -0.00m) | Conf: 1.00 | GPS: (10.775671°, 106.670901° [FIX])
[23:52:55.020] [ SYSTEM_STATUS ] [STATUS] [   TRACKING    ] | Steer:  -0.01° (L) | Vel: (0.45m/s, +0.00r/s) | Pose: ( 6.06m, -0.00m) | Conf: 1.00 | GPS: (10.775671°, 106.670903° [FIX])
[23:52:56.577] [ SYSTEM_STATUS ] [STATUS] [   TRACKING    ] | Steer:  +0.01° (R) | Vel: (0.45m/s, -0.00r/s) | Pose: ( 6.54m, -0.00m) | Conf: 1.00 | GPS: (10.775671°, 106.670905° [FIX])
[23:52:57.962] [ SYSTEM_STATUS ] [STATUS] [   TRACKING    ] | Steer:  +0.01° (R) | Vel: (0.45m/s, +0.00r/s) | Pose: ( 7.02m, -0.00m) | Conf: 0.75 | GPS: (10.775671°, 106.670907° [FIX])
[23:52:59.417] [ SYSTEM_STATUS ] [STATUS] [   TRACKING    ] | Steer:  +0.01° (R) | Vel: (0.45m/s, -0.00r/s) | Pose: ( 7.50m, -0.00m) | Conf: 1.00 | GPS: (10.775671°, 106.670910° [FIX])
[23:53:00.781] [ SYSTEM_STATUS ] [STATUS] [   TRACKING    ] | Steer:  -0.02° (L) | Vel: (0.45m/s, +0.00r/s) | Pose: ( 7.96m,  0.00m) | Conf: 1.00 | GPS: (10.775671°, 106.670912° [FIX])
[23:53:02.153] [ SYSTEM_STATUS ] [STATUS] [   TRACKING    ] | Steer:  -0.01° (L) | Vel: (0.45m/s, +0.01r/s) | Pose: ( 8.44m,  0.01m) | Conf: 1.00 | GPS: (10.775671°, 106.670914° [FIX])
[23:53:04.371] [FSM_TRANSITION ] TRACKING -> UTURN_PLANNING
[23:53:04.479] [FSM_TRANSITION ] UTURN_PLANNING -> PATH_FOLLOWING
[23:53:04.483] [ SYSTEM_STATUS ] [STATUS] [UTURN_PLANNING ] | Steer:  +0.00° (C) | Vel: (0.00m/s, +0.00r/s) | Pose: ( 9.16m,  0.01m) | Conf: 0.00 | GPS: (10.775671°, 106.670917° [FIX])
[23:53:05.871] [ SYSTEM_STATUS ] [STATUS] [PATH_FOLLOWING ] | Steer: +80.73° (R) | Vel: (0.14m/s, -1.50r/s) | Pose: ( 9.18m, -0.01m) | Conf: 0.00 | GPS: (10.775671°, 106.670917° [FIX])
[23:53:07.201] [ SYSTEM_STATUS ] [STATUS] [PATH_FOLLOWING ] | Steer:  +7.08° (R) | Vel: (0.25m/s, -0.05r/s) | Pose: ( 9.08m, -0.21m) | Conf: 1.00 | GPS: (10.775670°, 106.670918° [FIX])
[23:53:08.499] [ SYSTEM_STATUS ] [STATUS] [PATH_FOLLOWING ] | Steer:  +0.12° (R) | Vel: (0.25m/s, -0.00r/s) | Pose: ( 8.93m, -0.42m) | Conf: 1.00 | GPS: (10.775673°, 106.670916° [FIX])
[23:53:09.922] [FSM_TRANSITION ] PATH_FOLLOWING -> UTURN_EXECUTION
[23:53:09.924] [ SYSTEM_STATUS ] [STATUS] [PATH_FOLLOWING ] | Steer:  +0.00° (C) | Vel: (0.00m/s, +0.00r/s) | Pose: ( 8.77m, -0.63m) | Conf: 1.00 | GPS: (10.775672°, 106.670917° [FIX])
[23:53:10.019] [FSM_TRANSITION ] UTURN_EXECUTION -> TRACKING
[23:53:11.388] [ SYSTEM_STATUS ] [STATUS] [   TRACKING    ] | Steer:  +0.57° (R) | Vel: (0.45m/s, -0.03r/s) | Pose: ( 8.46m, -0.91m) | Conf: 0.00 | GPS: (10.775672°, 106.670917° [FIX])
[23:53:12.894] [ SYSTEM_STATUS ] [STATUS] [   TRACKING    ] | Steer:  +0.10° (R) | Vel: (0.45m/s, -0.00r/s) | Pose: ( 8.07m, -1.19m) | Conf: 0.00 | GPS: (10.775673°, 106.670917° [FIX])
[23:53:14.403] [ SYSTEM_STATUS ] [STATUS] [   TRACKING    ] | Steer:  +0.02° (R) | Vel: (0.45m/s, -0.00r/s) | Pose: ( 7.68m, -1.46m) | Conf: 0.00 | GPS: (10.775673°, 106.670918° [FIX])
[23:53:15.796] [ SYSTEM_STATUS ] [STATUS] [   TRACKING    ] | Steer:  +0.00° (C) | Vel: (0.45m/s, -0.00r/s) | Pose: ( 7.31m, -1.72m) | Conf: 0.00 | GPS: (10.775673°, 106.670920° [FIX])
[23:53:17.253] [ SYSTEM_STATUS ] [STATUS] [   TRACKING    ] | Steer:  +0.00° (C) | Vel: (0.45m/s, -0.00r/s) | Pose: ( 6.93m, -1.99m) | Conf: 0.00 | GPS: (10.775673°, 106.670921° [FIX])
[23:53:18.581] [ SYSTEM_STATUS ] [STATUS] [   TRACKING    ] | Steer:  +0.00° (C) | Vel: (0.45m/s, -0.00r/s) | Pose: ( 6.56m, -2.25m) | Conf: 0.00 | GPS: (10.775673°, 106.670922° [FIX])
[23:53:20.193] [ SYSTEM_STATUS ] [STATUS] [   TRACKING    ] | Steer:  +0.00° (C) | Vel: (0.45m/s, -0.00r/s) | Pose: ( 6.17m, -2.53m) | Conf: 0.00 | GPS: (10.775673°, 106.670923° [FIX])
[23:53:21.646] [ SYSTEM_STATUS ] [STATUS] [   TRACKING    ] | Steer:  +0.00° (C) | Vel: (0.45m/s, -0.00r/s) | Pose: ( 5.78m, -2.80m) | Conf: 0.00 | GPS: (10.775673°, 106.670924° [FIX])
