================================================================================
 ROBOT SYSTEM RUN LOG | STARTED: 2026-08-08 23:16:56
 CSV Telemetry File : logs/telemetry_2026-08-08_23-16-56.csv
 Text System Log File: logs/system_run_2026-08-08_23-16-56.log
================================================================================
[23:16:56.416] [ SYSTEM_START  ] Telemetry and Logging system started cleanly.
[23:16:56.579] [ SYSTEM_STATUS ] [STATUS] [   TRACKING    ] | Steer:  +0.00° (C) | Vel: (0.45m/s, -0.00r/s) | Pose: ( 0.00m,  0.00m) | Conf: 0.00 | GPS: (10.775667°, 106.670889° [NO_FIX])
[23:16:57.863] [ SYSTEM_STATUS ] [STATUS] [   TRACKING    ] | Steer:  +0.00° (C) | Vel: (0.45m/s, -0.00r/s) | Pose: ( 0.46m, -0.00m) | Conf: 0.37 | GPS: (10.775671°, 106.670877° [FIX])
[23:16:59.239] [ SYSTEM_STATUS ] [STATUS] [   TRACKING    ] | Steer:  +0.00° (C) | Vel: (0.45m/s, -0.00r/s) | Pose: ( 0.94m, -0.00m) | Conf: 1.00 | GPS: (10.775671°, 106.670879° [FIX])
[23:17:00.750] [ SYSTEM_STATUS ] [STATUS] [   TRACKING    ] | Steer:  -0.01° (L) | Vel: (0.45m/s, +0.01r/s) | Pose: ( 1.41m, -0.00m) | Conf: 0.73 | GPS: (10.775671°, 106.670881° [FIX])
[23:17:02.120] [ SYSTEM_STATUS ] [STATUS] [   TRACKING    ] | Steer:  -0.01° (L) | Vel: (0.45m/s, +0.00r/s) | Pose: ( 1.88m,  0.00m) | Conf: 1.00 | GPS: (10.775671°, 106.670884° [FIX])
[23:17:03.411] [ SYSTEM_STATUS ] [STATUS] [   TRACKING    ] | Steer:  +0.02° (R) | Vel: (0.45m/s, -0.00r/s) | Pose: ( 2.34m,  0.00m) | Conf: 1.00 | GPS: (10.775671°, 106.670886° [FIX])
[23:17:04.707] [ SYSTEM_STATUS ] [STATUS] [   TRACKING    ] | Steer:  +0.01° (R) | Vel: (0.45m/s, +0.00r/s) | Pose: ( 2.81m, -0.00m) | Conf: 1.00 | GPS: (10.775671°, 106.670888° [FIX])
[23:17:05.951] [ SYSTEM_STATUS ] [STATUS] [   TRACKING    ] | Steer:  -0.00° (C) | Vel: (0.45m/s, -0.00r/s) | Pose: ( 3.28m, -0.00m) | Conf: 1.00 | GPS: (10.775671°, 106.670890° [FIX])
[23:17:07.285] [ SYSTEM_STATUS ] [STATUS] [   TRACKING    ] | Steer:  -0.00° (C) | Vel: (0.45m/s, -0.00r/s) | Pose: ( 3.76m, -0.00m) | Conf: 0.58 | GPS: (10.775671°, 106.670892° [FIX])
[23:17:08.645] [ SYSTEM_STATUS ] [STATUS] [   TRACKING    ] | Steer:  -0.00° (C) | Vel: (0.45m/s, -0.00r/s) | Pose: ( 4.24m, -0.00m) | Conf: 1.00 | GPS: (10.775671°, 106.670894° [FIX])
[23:17:09.931] [ SYSTEM_STATUS ] [STATUS] [   TRACKING    ] | Steer:  -0.00° (C) | Vel: (0.45m/s, -0.00r/s) | Pose: ( 4.71m, -0.00m) | Conf: 0.98 | GPS: (10.775671°, 106.670897° [FIX])
[23:17:11.217] [ SYSTEM_STATUS ] [STATUS] [   TRACKING    ] | Steer:  -0.00° (C) | Vel: (0.45m/s, -0.00r/s) | Pose: ( 5.18m, -0.01m) | Conf: 1.00 | GPS: (10.775671°, 106.670899° [FIX])
[23:17:12.518] [ SYSTEM_STATUS ] [STATUS] [   TRACKING    ] | Steer:  -0.02° (L) | Vel: (0.45m/s, +0.00r/s) | Pose: ( 5.66m, -0.01m) | Conf: 1.00 | GPS: (10.775671°, 106.670901° [FIX])
[23:17:13.778] [ SYSTEM_STATUS ] [STATUS] [   TRACKING    ] | Steer:  +0.00° (C) | Vel: (0.45m/s, -0.01r/s) | Pose: ( 6.14m, -0.00m) | Conf: 0.77 | GPS: (10.775671°, 106.670903° [FIX])
[23:17:15.005] [ SYSTEM_STATUS ] [STATUS] [   TRACKING    ] | Steer:  +0.01° (R) | Vel: (0.45m/s, -0.00r/s) | Pose: ( 6.61m, -0.00m) | Conf: 1.00 | GPS: (10.775671°, 106.670905° [FIX])
[23:17:16.235] [ SYSTEM_STATUS ] [STATUS] [   TRACKING    ] | Steer:  +0.01° (R) | Vel: (0.45m/s, -0.00r/s) | Pose: ( 7.08m,  0.00m) | Conf: 0.92 | GPS: (10.775671°, 106.670907° [FIX])
[23:17:17.394] [ SYSTEM_STATUS ] [STATUS] [   TRACKING    ] | Steer:  +0.01° (R) | Vel: (0.45m/s, -0.00r/s) | Pose: ( 7.53m, -0.00m) | Conf: 1.00 | GPS: (10.775671°, 106.670909° [FIX])
[23:17:18.634] [ SYSTEM_STATUS ] [STATUS] [   TRACKING    ] | Steer:  -0.03° (L) | Vel: (0.45m/s, +0.01r/s) | Pose: ( 8.01m,  0.00m) | Conf: 1.00 | GPS: (10.775671°, 106.670912° [FIX])
[23:17:20.009] [ SYSTEM_STATUS ] [STATUS] [   TRACKING    ] | Steer:  -0.02° (L) | Vel: (0.45m/s, +0.01r/s) | Pose: ( 8.48m,  0.01m) | Conf: 1.00 | GPS: (10.775671°, 106.670914° [FIX])
[23:17:21.713] [FSM_TRANSITION ] TRACKING -> UTURN_PLANNING
[23:17:21.796] [FSM_TRANSITION ] UTURN_PLANNING -> PATH_FOLLOWING
[23:17:21.799] [ SYSTEM_STATUS ] [STATUS] [UTURN_PLANNING ] | Steer:  +0.00° (C) | Vel: (0.00m/s, +0.00r/s) | Pose: ( 9.15m,  0.01m) | Conf: 0.00 | GPS: (10.775671°, 106.670917° [FIX])
[23:17:23.091] [ SYSTEM_STATUS ] [STATUS] [PATH_FOLLOWING ] | Steer: +80.65° (R) | Vel: (0.14m/s, -1.50r/s) | Pose: ( 9.17m, -0.01m) | Conf: 0.00 | GPS: (10.775671°, 106.670917° [FIX])
[23:17:23.703] [FSM_TRANSITION ] PATH_FOLLOWING -> TRACKING
[23:17:24.334] [ SYSTEM_STATUS ] [STATUS] [   TRACKING    ] | Steer:  +1.16° (R) | Vel: (0.45m/s, +0.07r/s) | Pose: ( 9.01m, -0.26m) | Conf: 1.00 | GPS: (10.775670°, 106.670918° [FIX])
[23:17:25.626] [ SYSTEM_STATUS ] [STATUS] [   TRACKING    ] | Steer:  -0.43° (L) | Vel: (0.45m/s, +0.03r/s) | Pose: ( 8.76m, -0.63m) | Conf: 0.00 | GPS: (10.775670°, 106.670918° [FIX])
