================================================================================
 ROBOT SYSTEM RUN LOG | STARTED: 2026-08-08 23:54:40
 CSV Telemetry File : logs/telemetry_2026-08-08_23-54-40.csv
 Text System Log File: logs/system_run_2026-08-08_23-54-40.log
================================================================================
[23:54:40.358] [ SYSTEM_START  ] Telemetry and Logging system started cleanly.
[23:54:40.499] [ SYSTEM_STATUS ] [STATUS] [   TRACKING    ] | Steer:  +0.00° (C) | Vel: (0.45m/s, -0.00r/s) | Pose: ( 0.00m,  0.00m) | Conf: 0.00 | GPS: (10.775667°, 106.670889° [ODOM_ESTIMATED])
[23:54:41.781] [ SYSTEM_STATUS ] [STATUS] [   TRACKING    ] | Steer:  +0.00° (C) | Vel: (0.45m/s, -0.00r/s) | Pose: ( 0.46m, -0.00m) | Conf: 0.37 | GPS: (10.775671°, 106.670877° [FIX])
[23:54:43.066] [ SYSTEM_STATUS ] [STATUS] [   TRACKING    ] | Steer:  +0.00° (C) | Vel: (0.45m/s, -0.00r/s) | Pose: ( 0.91m, -0.00m) | Conf: 1.00 | GPS: (10.775671°, 106.670879° [FIX])
[23:54:44.381] [ SYSTEM_STATUS ] [STATUS] [   TRACKING    ] | Steer:  -0.00° (C) | Vel: (0.45m/s, +0.01r/s) | Pose: ( 1.38m, -0.00m) | Conf: 0.67 | GPS: (10.775671°, 106.670881° [FIX])
[23:54:45.713] [ SYSTEM_STATUS ] [STATUS] [   TRACKING    ] | Steer:  -0.01° (L) | Vel: (0.45m/s, +0.00r/s) | Pose: ( 1.86m,  0.00m) | Conf: 1.00 | GPS: (10.775671°, 106.670883° [FIX])
[23:54:47.154] [ SYSTEM_STATUS ] [STATUS] [   TRACKING    ] | Steer:  +0.01° (R) | Vel: (0.45m/s, +0.00r/s) | Pose: ( 2.33m,  0.00m) | Conf: 1.00 | GPS: (10.775671°, 106.670886° [FIX])
[23:54:48.757] [ SYSTEM_STATUS ] [STATUS] [   TRACKING    ] | Steer:  +0.01° (R) | Vel: (0.45m/s, +0.00r/s) | Pose: ( 2.81m, -0.00m) | Conf: 1.00 | GPS: (10.775671°, 106.670888° [FIX])
[23:54:50.196] [ SYSTEM_STATUS ] [STATUS] [   TRACKING    ] | Steer:  -0.00° (C) | Vel: (0.45m/s, -0.00r/s) | Pose: ( 3.26m, -0.00m) | Conf: 1.00 | GPS: (10.775671°, 106.670890° [FIX])
[23:54:51.628] [ SYSTEM_STATUS ] [STATUS] [   TRACKING    ] | Steer:  -0.00° (C) | Vel: (0.45m/s, -0.00r/s) | Pose: ( 3.73m, -0.00m) | Conf: 0.60 | GPS: (10.775671°, 106.670892° [FIX])
[23:54:53.056] [ SYSTEM_STATUS ] [STATUS] [   TRACKING    ] | Steer:  -0.00° (C) | Vel: (0.45m/s, -0.00r/s) | Pose: ( 4.21m, -0.00m) | Conf: 1.00 | GPS: (10.775671°, 106.670894° [FIX])
[23:54:54.439] [ SYSTEM_STATUS ] [STATUS] [   TRACKING    ] | Steer:  -0.00° (C) | Vel: (0.45m/s, -0.00r/s) | Pose: ( 4.67m, -0.00m) | Conf: 0.92 | GPS: (10.775671°, 106.670897° [FIX])
[23:54:55.943] [ SYSTEM_STATUS ] [STATUS] [   TRACKING    ] | Steer:  -0.00° (C) | Vel: (0.45m/s, -0.00r/s) | Pose: ( 5.15m, -0.01m) | Conf: 1.00 | GPS: (10.775671°, 106.670899° [FIX])
[23:54:57.431] [ SYSTEM_STATUS ] [STATUS] [   TRACKING    ] | Steer:  -0.02° (L) | Vel: (0.45m/s, +0.00r/s) | Pose: ( 5.63m, -0.00m) | Conf: 1.00 | GPS: (10.775671°, 106.670901° [FIX])
[23:54:58.797] [ SYSTEM_STATUS ] [STATUS] [   TRACKING    ] | Steer:  -0.00° (C) | Vel: (0.45m/s, -0.02r/s) | Pose: ( 6.11m, -0.00m) | Conf: 1.00 | GPS: (10.775671°, 106.670903° [FIX])
[23:55:00.151] [ SYSTEM_STATUS ] [STATUS] [   TRACKING    ] | Steer:  +0.01° (R) | Vel: (0.45m/s, -0.00r/s) | Pose: ( 6.57m, -0.00m) | Conf: 1.00 | GPS: (10.775671°, 106.670905° [FIX])
[23:55:01.466] [ SYSTEM_STATUS ] [STATUS] [   TRACKING    ] | Steer:  +0.01° (R) | Vel: (0.45m/s, -0.00r/s) | Pose: ( 7.05m, -0.00m) | Conf: 0.85 | GPS: (10.775671°, 106.670907° [FIX])
[23:55:02.847] [ SYSTEM_STATUS ] [STATUS] [   TRACKING    ] | Steer:  +0.01° (R) | Vel: (0.45m/s, -0.00r/s) | Pose: ( 7.53m, -0.00m) | Conf: 1.00 | GPS: (10.775671°, 106.670909° [FIX])
[23:55:04.131] [ SYSTEM_STATUS ] [STATUS] [   TRACKING    ] | Steer:  -0.03° (L) | Vel: (0.45m/s, +0.01r/s) | Pose: ( 7.98m,  0.00m) | Conf: 1.00 | GPS: (10.775671°, 106.670911° [FIX])
[23:55:05.466] [ SYSTEM_STATUS ] [STATUS] [   TRACKING    ] | Steer:  -0.02° (L) | Vel: (0.45m/s, +0.00r/s) | Pose: ( 8.45m,  0.00m) | Conf: 1.00 | GPS: (10.775671°, 106.670914° [FIX])
[23:55:07.464] [FSM_TRANSITION ] TRACKING -> UTURN_PLANNING
[23:55:07.576] [FSM_TRANSITION ] UTURN_PLANNING -> PATH_FOLLOWING
[23:55:07.579] [ SYSTEM_STATUS ] [STATUS] [UTURN_PLANNING ] | Steer:  +0.00° (C) | Vel: (0.00m/s, +0.00r/s) | Pose: ( 9.14m,  0.01m) | Conf: 0.00 | GPS: (10.775671°, 106.670917° [FIX])
[23:55:08.903] [ SYSTEM_STATUS ] [STATUS] [PATH_FOLLOWING ] | Steer: +80.98° (R) | Vel: (0.14m/s, -1.50r/s) | Pose: ( 9.16m, -0.01m) | Conf: 0.00 | GPS: (10.775671°, 106.670917° [FIX])
[23:55:10.280] [ SYSTEM_STATUS ] [STATUS] [PATH_FOLLOWING ] | Steer:  +5.95° (R) | Vel: (0.25m/s, -0.04r/s) | Pose: ( 9.06m, -0.22m) | Conf: 0.98 | GPS: (10.775670°, 106.670918° [FIX])
[23:55:11.690] [ SYSTEM_STATUS ] [STATUS] [PATH_FOLLOWING ] | Steer:  +0.09° (R) | Vel: (0.25m/s, -0.00r/s) | Pose: ( 8.90m, -0.43m) | Conf: 0.87 | GPS: (10.775671°, 106.670918° [FIX])
[23:55:12.960] [FSM_TRANSITION ] PATH_FOLLOWING -> UTURN_EXECUTION
[23:55:13.053] [FSM_TRANSITION ] UTURN_EXECUTION -> TRACKING
[23:55:13.055] [ SYSTEM_STATUS ] [STATUS] [UTURN_EXECUTION] | Steer: +73.97° (R) | Vel: (0.25m/s, -1.50r/s) | Pose: ( 8.75m, -0.64m) | Conf: 1.00 | GPS: (10.775670°, 106.670919° [FIX])
[23:55:13.131] [FSM_TRANSITION ] TRACKING -> REACTIVE_AVOID
[23:55:14.280] [ SYSTEM_STATUS ] [STATUS] [REACTIVE_AVOID ] | Steer:  +0.00° (C) | Vel: (0.00m/s, +0.00r/s) | Pose: ( 8.74m, -0.65m) | Conf: 1.00 | GPS: (10.775670°, 106.670919° [FIX])
[23:55:15.631] [ SYSTEM_STATUS ] [STATUS] [REACTIVE_AVOID ] | Steer:  +0.00° (C) | Vel: (0.00m/s, +0.00r/s) | Pose: ( 8.74m, -0.65m) | Conf: 1.00 | GPS: (10.775670°, 106.670919° [FIX])
[23:55:16.925] [ SYSTEM_STATUS ] [STATUS] [REACTIVE_AVOID ] | Steer:  +0.00° (C) | Vel: (0.00m/s, +0.00r/s) | Pose: ( 8.74m, -0.65m) | Conf: 1.00 | GPS: (10.775670°, 106.670919° [FIX])
[23:55:17.000] [FSM_TRANSITION ] REACTIVE_AVOID -> AVOID_PLANNING
[23:55:17.122] [FSM_TRANSITION ] AVOID_PLANNING -> PATH_FOLLOWING
[23:55:18.271] [ SYSTEM_STATUS ] [STATUS] [PATH_FOLLOWING ] | Steer: +76.65° (R) | Vel: (0.21m/s, -1.50r/s) | Pose: ( 8.68m, -0.65m) | Conf: 0.52 | GPS: (10.775671°, 106.670920° [FIX])
[23:55:19.608] [ SYSTEM_STATUS ] [STATUS] [PATH_FOLLOWING ] | Steer:  +3.50° (R) | Vel: (0.25m/s, -0.03r/s) | Pose: ( 8.50m, -0.47m) | Conf: 1.00 | GPS: (10.775671°, 106.670920° [FIX])
[23:55:20.912] [ SYSTEM_STATUS ] [STATUS] [PATH_FOLLOWING ] | Steer: -22.19° (L) | Vel: (0.25m/s, +0.18r/s) | Pose: ( 8.31m, -0.34m) | Conf: 0.75 | GPS: (10.775671°, 106.670920° [FIX])
[23:55:22.224] [ SYSTEM_STATUS ] [STATUS] [PATH_FOLLOWING ] | Steer:  -0.31° (L) | Vel: (0.25m/s, +0.00r/s) | Pose: ( 8.06m, -0.30m) | Conf: 0.00 | GPS: (10.775670°, 106.670921° [FIX])
[23:55:23.638] [ SYSTEM_STATUS ] [STATUS] [PATH_FOLLOWING ] | Steer:  -0.00° (C) | Vel: (0.25m/s, +0.00r/s) | Pose: ( 7.80m, -0.25m) | Conf: 0.00 | GPS: (10.775670°, 106.670921° [FIX])
[23:55:25.261] [ SYSTEM_STATUS ] [STATUS] [PATH_FOLLOWING ] | Steer: -77.85° (L) | Vel: (0.19m/s, +1.50r/s) | Pose: ( 7.55m, -0.21m) | Conf: 0.00 | GPS: (10.775670°, 106.670921° [FIX])
[23:55:26.700] [ SYSTEM_STATUS ] [STATUS] [PATH_FOLLOWING ] | Steer:  -3.25° (L) | Vel: (0.25m/s, +0.02r/s) | Pose: ( 7.33m, -0.31m) | Conf: 0.00 | GPS: (10.775670°, 106.670921° [FIX])
[23:55:28.289] [ SYSTEM_STATUS ] [STATUS] [PATH_FOLLOWING ] | Steer:  -0.04° (L) | Vel: (0.25m/s, +0.00r/s) | Pose: ( 7.10m, -0.44m) | Conf: 0.00 | GPS: (10.775670°, 106.670921° [FIX])
[23:55:29.788] [ SYSTEM_STATUS ] [STATUS] [PATH_FOLLOWING ] | Steer: +10.16° (R) | Vel: (0.25m/s, -0.08r/s) | Pose: ( 6.86m, -0.52m) | Conf: 0.00 | GPS: (10.775670°, 106.670921° [FIX])
[23:55:31.326] [ SYSTEM_STATUS ] [STATUS] [PATH_FOLLOWING ] | Steer:  +0.10° (R) | Vel: (0.25m/s, -0.00r/s) | Pose: ( 6.59m, -0.54m) | Conf: 0.00 | GPS: (10.775670°, 106.670921° [FIX])
