================================================================================
 ROBOT SYSTEM RUN LOG | STARTED: 2026-08-09 13:25:52
 CSV Telemetry File : logs/telemetry_2026-08-09_13-25-52.csv
 Text System Log File: logs/system_run_2026-08-09_13-25-52.log
================================================================================
[13:25:52.041] [ SYSTEM_START  ] Telemetry and Logging system started cleanly.
[13:25:52.249] [ SYSTEM_STATUS ] [STATUS] [   TRACKING    ] | Steer: +0.00° | Vel: (0.45m/s, -0.00r/s) | Pose: (-0.00m,  0.00m) | GPS: (10.775667°, 106.670889° [ODOM_ESTIMATED])
[13:25:53.709] [ SYSTEM_STATUS ] [STATUS] [   TRACKING    ] | Steer: +0.00° | Vel: (0.45m/s, -0.00r/s) | Pose: ( 0.44m, -0.00m) | GPS: (10.775671°, 106.670877° [FIX])
[13:25:55.115] [ SYSTEM_STATUS ] [STATUS] [   TRACKING    ] | Steer: +0.00° | Vel: (0.45m/s, -0.00r/s) | Pose: ( 0.90m, -0.00m) | GPS: (10.775671°, 106.670879° [FIX])
[13:25:56.495] [ SYSTEM_STATUS ] [STATUS] [   TRACKING    ] | Steer: -0.00° | Vel: (0.45m/s, +0.00r/s) | Pose: ( 1.37m, -0.00m) | GPS: (10.775671°, 106.670881° [FIX])
[13:25:57.967] [ SYSTEM_STATUS ] [STATUS] [   TRACKING    ] | Steer: -0.01° | Vel: (0.45m/s, +0.00r/s) | Pose: ( 1.85m,  0.00m) | GPS: (10.775671°, 106.670883° [FIX])
[13:25:59.534] [ SYSTEM_STATUS ] [STATUS] [   TRACKING    ] | Steer: +0.02° | Vel: (0.45m/s, -0.00r/s) | Pose: ( 2.32m,  0.00m) | GPS: (10.775671°, 106.670886° [FIX])
[13:26:01.016] [ SYSTEM_STATUS ] [STATUS] [   TRACKING    ] | Steer: +0.01° | Vel: (0.45m/s, +0.00r/s) | Pose: ( 2.79m, -0.00m) | GPS: (10.775671°, 106.670888° [FIX])
[13:26:02.486] [ SYSTEM_STATUS ] [STATUS] [   TRACKING    ] | Steer: +0.00° | Vel: (0.45m/s, +0.00r/s) | Pose: ( 3.27m, -0.00m) | GPS: (10.775671°, 106.670890° [FIX])
[13:26:03.955] [ SYSTEM_STATUS ] [STATUS] [   TRACKING    ] | Steer: +0.00° | Vel: (0.45m/s, -0.00r/s) | Pose: ( 3.75m, -0.00m) | GPS: (10.775671°, 106.670892° [FIX])
[13:26:05.486] [ SYSTEM_STATUS ] [STATUS] [   TRACKING    ] | Steer: +0.00° | Vel: (0.45m/s, +0.00r/s) | Pose: ( 4.21m, -0.00m) | GPS: (10.775671°, 106.670894° [FIX])
[13:26:06.973] [ SYSTEM_STATUS ] [STATUS] [   TRACKING    ] | Steer: +0.01° | Vel: (0.45m/s, +0.00r/s) | Pose: ( 4.69m, -0.00m) | GPS: (10.775671°, 106.670897° [FIX])
[13:26:08.453] [ SYSTEM_STATUS ] [STATUS] [   TRACKING    ] | Steer: +0.00° | Vel: (0.45m/s, +0.00r/s) | Pose: ( 5.17m, -0.00m) | GPS: (10.775671°, 106.670899° [FIX])
[13:26:09.943] [ SYSTEM_STATUS ] [STATUS] [   TRACKING    ] | Steer: -0.03° | Vel: (0.45m/s, +0.00r/s) | Pose: ( 5.65m, -0.00m) | GPS: (10.775671°, 106.670901° [FIX])
[13:26:11.446] [ SYSTEM_STATUS ] [STATUS] [   TRACKING    ] | Steer: -0.02° | Vel: (0.45m/s, -0.00r/s) | Pose: ( 6.12m, -0.00m) | GPS: (10.775671°, 106.670903° [FIX])
[13:26:13.065] [ SYSTEM_STATUS ] [STATUS] [   TRACKING    ] | Steer: -0.00° | Vel: (0.45m/s, -0.00r/s) | Pose: ( 6.59m, -0.00m) | GPS: (10.775671°, 106.670905° [FIX])
[13:26:14.609] [ SYSTEM_STATUS ] [STATUS] [   TRACKING    ] | Steer: +0.01° | Vel: (0.45m/s, -0.00r/s) | Pose: ( 7.07m, -0.00m) | GPS: (10.775671°, 106.670907° [FIX])
[13:26:16.165] [ SYSTEM_STATUS ] [STATUS] [   TRACKING    ] | Steer: +0.01° | Vel: (0.45m/s, -0.00r/s) | Pose: ( 7.56m, -0.00m) | GPS: (10.775671°, 106.670910° [FIX])
[13:26:17.660] [ SYSTEM_STATUS ] [STATUS] [   TRACKING    ] | Steer: -0.04° | Vel: (0.45m/s, +0.00r/s) | Pose: ( 8.02m, -0.00m) | GPS: (10.775671°, 106.670912° [FIX])
[13:26:19.110] [ SYSTEM_STATUS ] [STATUS] [   TRACKING    ] | Steer: -0.05° | Vel: (0.45m/s, +0.01r/s) | Pose: ( 8.50m,  0.00m) | GPS: (10.775671°, 106.670914° [FIX])
[13:26:27.054] [FSM_TRANSITION ] TRACKING -> UTURN_PLANNING
[13:26:27.572] [FSM_TRANSITION ] UTURN_PLANNING -> PATH_FOLLOWING
[13:26:27.576] [ SYSTEM_STATUS ] [STATUS] [UTURN_PLANNING ] | Steer: +0.00° | Vel: (0.00m/s, +0.00r/s) | Pose: (11.06m,  0.02m) | GPS: (10.775671°, 106.670926° [FIX])
[13:26:28.640] [ SYSTEM_STATUS ] [STATUS] [PATH_FOLLOWING ] | Steer: -82.49° | Vel: (0.11m/s, -1.50r/s) | Pose: (11.08m,  0.01m) | GPS: (10.775671°, 106.670926° [FIX])
[13:26:30.039] [ SYSTEM_STATUS ] [STATUS] [PATH_FOLLOWING ] | Steer: -34.09° | Vel: (0.25m/s, -0.29r/s) | Pose: (11.02m, -0.20m) | GPS: (10.775671°, 106.670927° [FIX])
[13:26:31.637] [ SYSTEM_STATUS ] [STATUS] [PATH_FOLLOWING ] | Steer: -0.61° | Vel: (0.25m/s, -0.00r/s) | Pose: (10.86m, -0.41m) | GPS: (10.775670°, 106.670928° [FIX])
[13:26:33.228] [ SYSTEM_STATUS ] [STATUS] [PATH_FOLLOWING ] | Steer: -0.01° | Vel: (0.25m/s, -0.00r/s) | Pose: (10.69m, -0.61m) | GPS: (10.775669°, 106.670928° [FIX])
[13:26:33.355] [FSM_TRANSITION ] PATH_FOLLOWING -> UTURN_EXECUTION
[13:26:34.744] [ SYSTEM_STATUS ] [STATUS] [UTURN_EXECUTION] | Steer: -73.97° | Vel: (0.25m/s, -1.50r/s) | Pose: (10.48m, -0.68m) | GPS: (10.775668°, 106.670929° [FIX])
[13:26:36.281] [ SYSTEM_STATUS ] [STATUS] [UTURN_EXECUTION] | Steer: -73.97° | Vel: (0.25m/s, -1.50r/s) | Pose: (10.40m, -0.45m) | GPS: (10.775667°, 106.670930° [FIX])
[13:26:37.855] [ SYSTEM_STATUS ] [STATUS] [UTURN_EXECUTION] | Steer: -73.97° | Vel: (0.25m/s, -1.50r/s) | Pose: (10.63m, -0.38m) | GPS: (10.775666°, 106.670930° [FIX])
[13:26:39.049] [FSM_TRANSITION ] UTURN_EXECUTION -> TRACKING
[13:26:39.227] [ SYSTEM_STATUS ] [STATUS] [   TRACKING    ] | Steer: +0.27° | Vel: (0.45m/s, -0.08r/s) | Pose: (10.70m, -0.61m) | GPS: (10.775665°, 106.670929° [FIX])
[13:26:40.745] [ SYSTEM_STATUS ] [STATUS] [   TRACKING    ] | Steer: +0.56° | Vel: (0.45m/s, -0.06r/s) | Pose: (10.51m, -1.03m) | GPS: (10.775664°, 106.670927° [FIX])
[13:26:42.176] [ SYSTEM_STATUS ] [STATUS] [   TRACKING    ] | Steer: +0.86° | Vel: (0.45m/s, -0.07r/s) | Pose: (10.29m, -1.46m) | GPS: (10.775664°, 106.670925° [FIX])
[13:26:43.706] [ SYSTEM_STATUS ] [STATUS] [   TRACKING    ] | Steer: +0.81° | Vel: (0.45m/s, -0.08r/s) | Pose: (10.05m, -1.86m) | GPS: (10.775664°, 106.670923° [FIX])
[13:26:45.154] [ SYSTEM_STATUS ] [STATUS] [   TRACKING    ] | Steer: +0.61° | Vel: (0.45m/s, -0.01r/s) | Pose: ( 9.79m, -2.24m) | GPS: (10.775663°, 106.670921° [FIX])
[13:26:46.680] [ SYSTEM_STATUS ] [STATUS] [   TRACKING    ] | Steer: +0.85° | Vel: (0.45m/s, -0.08r/s) | Pose: ( 9.51m, -2.61m) | GPS: (10.775663°, 106.670919° [FIX])
[13:26:48.111] [ SYSTEM_STATUS ] [STATUS] [   TRACKING    ] | Steer: +0.53° | Vel: (0.45m/s, -0.01r/s) | Pose: ( 9.21m, -2.95m) | GPS: (10.775663°, 106.670917° [FIX])
[13:26:49.715] [ SYSTEM_STATUS ] [STATUS] [   TRACKING    ] | Steer: +0.76° | Vel: (0.45m/s, -0.06r/s) | Pose: ( 8.90m, -3.29m) | GPS: (10.775663°, 106.670914° [FIX])
[13:26:51.337] [ SYSTEM_STATUS ] [STATUS] [   TRACKING    ] | Steer: -1.03° | Vel: (0.45m/s, +0.02r/s) | Pose: ( 8.57m, -3.64m) | GPS: (10.775663°, 106.670913° [FIX])
[13:26:51.728] [FSM_TRANSITION ] TRACKING -> REACTIVE_AVOID
[13:26:52.877] [ SYSTEM_STATUS ] [STATUS] [REACTIVE_AVOID ] | Steer: -0.60° | Vel: (0.00m/s, +0.00r/s) | Pose: ( 8.49m, -3.74m) | GPS: (10.775663°, 106.670913° [FIX])
[13:26:54.327] [ SYSTEM_STATUS ] [STATUS] [REACTIVE_AVOID ] | Steer: -0.60° | Vel: (0.00m/s, +0.00r/s) | Pose: ( 8.49m, -3.74m) | GPS: (10.775663°, 106.670913° [FIX])
[13:26:55.699] [ SYSTEM_STATUS ] [STATUS] [REACTIVE_AVOID ] | Steer: -0.60° | Vel: (0.00m/s, +0.00r/s) | Pose: ( 8.49m, -3.74m) | GPS: (10.775663°, 106.670913° [FIX])
[13:26:55.940] [FSM_TRANSITION ] REACTIVE_AVOID -> AVOID_PLANNING
[13:26:56.106] [FSM_TRANSITION ] AVOID_PLANNING -> PATH_FOLLOWING
