================================================================================
 ROBOT SYSTEM RUN LOG | STARTED: 2026-08-08 14:51:38
 CSV Telemetry File : logs/telemetry_2026-08-08_14-51-38.csv
 Text System Log File: logs/system_run_2026-08-08_14-51-38.log
================================================================================
[14:51:38.275] [ SYSTEM_START  ] Telemetry and Logging system started cleanly.
[14:51:41.182] [ SYSTEM_STATUS ] [STATUS] [   TRACKING    ] | Steer:  +0.00° (C) | Vel: (0.45m/s, -0.00r/s) | Pose: ( 0.00m,  0.00m) | Conf: 0.00 | GPS: (10.775667°, 106.670889° [NO_FIX])
[14:51:42.300] [ SYSTEM_STATUS ] [STATUS] [   TRACKING    ] | Steer:  +0.00° (C) | Vel: (0.45m/s, -0.00r/s) | Pose: ( 0.44m, -0.00m) | Conf: 0.33 | GPS: (10.775671°, 106.670877° [FIX])
[14:51:43.427] [ SYSTEM_STATUS ] [STATUS] [   TRACKING    ] | Steer:  +0.00° (C) | Vel: (0.45m/s, -0.00r/s) | Pose: ( 0.92m, -0.00m) | Conf: 1.00 | GPS: (10.775671°, 106.670879° [FIX])
[14:51:44.576] [ SYSTEM_STATUS ] [STATUS] [   TRACKING    ] | Steer:  -0.00° (C) | Vel: (0.45m/s, +0.01r/s) | Pose: ( 1.39m, -0.00m) | Conf: 0.67 | GPS: (10.775671°, 106.670881° [FIX])
[14:51:45.756] [ SYSTEM_STATUS ] [STATUS] [   TRACKING    ] | Steer:  -0.01° (L) | Vel: (0.45m/s, +0.00r/s) | Pose: ( 1.86m,  0.00m) | Conf: 1.00 | GPS: (10.775671°, 106.670884° [FIX])
[14:51:46.915] [ SYSTEM_STATUS ] [STATUS] [   TRACKING    ] | Steer:  +0.02° (R) | Vel: (0.45m/s, -0.01r/s) | Pose: ( 2.34m,  0.00m) | Conf: 1.00 | GPS: (10.775671°, 106.670886° [FIX])
[14:51:48.061] [ SYSTEM_STATUS ] [STATUS] [   TRACKING    ] | Steer:  +0.01° (R) | Vel: (0.45m/s, +0.00r/s) | Pose: ( 2.82m, -0.00m) | Conf: 1.00 | GPS: (10.775671°, 106.670888° [FIX])
[14:51:49.237] [ SYSTEM_STATUS ] [STATUS] [   TRACKING    ] | Steer:  -0.00° (C) | Vel: (0.45m/s, -0.00r/s) | Pose: ( 3.29m, -0.00m) | Conf: 1.00 | GPS: (10.775671°, 106.670890° [FIX])
[14:51:50.370] [ SYSTEM_STATUS ] [STATUS] [   TRACKING    ] | Steer:  -0.00° (C) | Vel: (0.45m/s, -0.00r/s) | Pose: ( 3.77m, -0.00m) | Conf: 0.62 | GPS: (10.775671°, 106.670892° [FIX])
[14:51:51.523] [ SYSTEM_STATUS ] [STATUS] [   TRACKING    ] | Steer:  -0.00° (C) | Vel: (0.45m/s, -0.00r/s) | Pose: ( 4.25m, -0.00m) | Conf: 1.00 | GPS: (10.775671°, 106.670895° [FIX])
[14:51:52.694] [ SYSTEM_STATUS ] [STATUS] [   TRACKING    ] | Steer:  -0.00° (C) | Vel: (0.45m/s, -0.00r/s) | Pose: ( 4.72m, -0.00m) | Conf: 1.00 | GPS: (10.775671°, 106.670897° [FIX])
[14:51:53.850] [ SYSTEM_STATUS ] [STATUS] [   TRACKING    ] | Steer:  -0.00° (C) | Vel: (0.45m/s, -0.00r/s) | Pose: ( 5.19m, -0.01m) | Conf: 1.00 | GPS: (10.775671°, 106.670899° [FIX])
[14:51:54.989] [ SYSTEM_STATUS ] [STATUS] [   TRACKING    ] | Steer:  -0.02° (L) | Vel: (0.45m/s, +0.00r/s) | Pose: ( 5.67m, -0.01m) | Conf: 1.00 | GPS: (10.775671°, 106.670901° [FIX])
[14:51:56.167] [ SYSTEM_STATUS ] [STATUS] [   TRACKING    ] | Steer:  +0.00° (C) | Vel: (0.45m/s, -0.01r/s) | Pose: ( 6.14m, -0.00m) | Conf: 0.58 | GPS: (10.775671°, 106.670903° [FIX])
[14:51:57.252] [ SYSTEM_STATUS ] [STATUS] [   TRACKING    ] | Steer:  +0.00° (C) | Vel: (0.45m/s, +0.00r/s) | Pose: ( 6.60m, -0.00m) | Conf: 1.00 | GPS: (10.775671°, 106.670905° [FIX])
[14:51:58.379] [ SYSTEM_STATUS ] [STATUS] [   TRACKING    ] | Steer:  +0.01° (R) | Vel: (0.45m/s, -0.00r/s) | Pose: ( 7.06m, -0.00m) | Conf: 0.87 | GPS: (10.775671°, 106.670907° [FIX])
[14:51:59.534] [ SYSTEM_STATUS ] [STATUS] [   TRACKING    ] | Steer:  +0.01° (R) | Vel: (0.45m/s, -0.00r/s) | Pose: ( 7.54m, -0.00m) | Conf: 1.00 | GPS: (10.775671°, 106.670909° [FIX])
[14:52:00.691] [ SYSTEM_STATUS ] [STATUS] [   TRACKING    ] | Steer:  -0.03° (L) | Vel: (0.45m/s, +0.01r/s) | Pose: ( 8.02m,  0.00m) | Conf: 1.00 | GPS: (10.775671°, 106.670912° [FIX])
[14:52:01.832] [ SYSTEM_STATUS ] [STATUS] [   TRACKING    ] | Steer:  -0.02° (L) | Vel: (0.45m/s, +0.01r/s) | Pose: ( 8.49m,  0.00m) | Conf: 1.00 | GPS: (10.775671°, 106.670914° [FIX])
[14:52:03.410] [FSM_TRANSITION ] TRACKING -> UTURN_PLANNING
[14:52:03.488] [FSM_TRANSITION ] UTURN_PLANNING -> PATH_FOLLOWING
[14:52:03.491] [ SYSTEM_STATUS ] [STATUS] [UTURN_PLANNING ] | Steer:  +0.00° (C) | Vel: (0.00m/s, +0.00r/s) | Pose: ( 9.15m,  0.01m) | Conf: 0.00 | GPS: (10.775671°, 106.670917° [FIX])
[14:52:04.642] [ SYSTEM_STATUS ] [STATUS] [PATH_FOLLOWING ] | Steer: +80.39° (R) | Vel: (0.15m/s, -1.50r/s) | Pose: ( 9.17m, -0.01m) | Conf: 0.00 | GPS: (10.775671°, 106.670917° [FIX])
[14:52:04.915] [FSM_TRANSITION ] PATH_FOLLOWING -> TRACKING
[14:52:05.763] [ SYSTEM_STATUS ] [STATUS] [   TRACKING    ] | Steer:  +1.15° (R) | Vel: (0.45m/s, -0.30r/s) | Pose: ( 9.02m, -0.33m) | Conf: 1.00 | GPS: (10.775670°, 106.670918° [FIX])
[14:52:06.930] [ SYSTEM_STATUS ] [STATUS] [   TRACKING    ] | Steer:  +1.14° (R) | Vel: (0.45m/s, -0.30r/s) | Pose: ( 8.70m, -0.67m) | Conf: 1.00 | GPS: (10.775670°, 106.670918° [FIX])
[14:52:08.132] [ SYSTEM_STATUS ] [STATUS] [   TRACKING    ] | Steer:  +1.14° (R) | Vel: (0.45m/s, -0.30r/s) | Pose: ( 8.28m, -0.90m) | Conf: 1.00 | GPS: (10.775670°, 106.670918° [FIX])
[14:52:09.281] [ SYSTEM_STATUS ] [STATUS] [   TRACKING    ] | Steer:  +1.14° (R) | Vel: (0.45m/s, -0.30r/s) | Pose: ( 7.81m, -0.98m) | Conf: 1.00 | GPS: (10.775670°, 106.670918° [FIX])
[14:52:09.356] [FSM_TRANSITION ] TRACKING -> REACTIVE_AVOID
[14:52:10.410] [ SYSTEM_STATUS ] [STATUS] [REACTIVE_AVOID ] | Steer:  +1.14° (R) | Vel: (0.00m/s, +0.00r/s) | Pose: ( 7.77m, -0.98m) | Conf: 1.00 | GPS: (10.775670°, 106.670918° [FIX])
[14:52:11.544] [ SYSTEM_STATUS ] [STATUS] [REACTIVE_AVOID ] | Steer:  +1.14° (R) | Vel: (0.00m/s, +0.00r/s) | Pose: ( 7.77m, -0.98m) | Conf: 1.00 | GPS: (10.775670°, 106.670918° [FIX])
[14:52:12.628] [FSM_TRANSITION ] REACTIVE_AVOID -> AVOID_PLANNING
[14:52:12.725] [FSM_TRANSITION ] AVOID_PLANNING -> PATH_FOLLOWING
[14:52:12.727] [ SYSTEM_STATUS ] [STATUS] [AVOID_PLANNING ] | Steer:  +1.14° (R) | Vel: (0.00m/s, +0.00r/s) | Pose: ( 7.77m, -0.98m) | Conf: 1.00 | GPS: (10.775670°, 106.670918° [FIX])
[14:52:13.915] [ SYSTEM_STATUS ] [STATUS] [PATH_FOLLOWING ] | Steer: +10.93° (R) | Vel: (0.25m/s, -0.08r/s) | Pose: ( 7.61m, -0.87m) | Conf: 0.77 | GPS: (10.775670°, 106.670918° [FIX])
[14:52:15.097] [ SYSTEM_STATUS ] [STATUS] [PATH_FOLLOWING ] | Steer: -57.78° (L) | Vel: (0.24m/s, +0.66r/s) | Pose: ( 7.43m, -0.70m) | Conf: 0.87 | GPS: (10.775671°, 106.670919° [FIX])
[14:52:16.187] [ SYSTEM_STATUS ] [STATUS] [PATH_FOLLOWING ] | Steer:  -0.92° (L) | Vel: (0.25m/s, +0.01r/s) | Pose: ( 7.19m, -0.65m) | Conf: 0.00 | GPS: (10.775670°, 106.670919° [FIX])
[14:52:17.344] [ SYSTEM_STATUS ] [STATUS] [PATH_FOLLOWING ] | Steer:  -0.01° (L) | Vel: (0.25m/s, +0.00r/s) | Pose: ( 6.93m, -0.60m) | Conf: 0.00 | GPS: (10.775670°, 106.670920° [FIX])
[14:52:18.507] [ SYSTEM_STATUS ] [STATUS] [PATH_FOLLOWING ] | Steer:  -0.00° (C) | Vel: (0.25m/s, +0.00r/s) | Pose: ( 6.68m, -0.55m) | Conf: 0.00 | GPS: (10.775670°, 106.670921° [FIX])
[14:52:19.686] [ SYSTEM_STATUS ] [STATUS] [PATH_FOLLOWING ] | Steer: -16.62° (L) | Vel: (0.25m/s, +0.13r/s) | Pose: ( 6.44m, -0.59m) | Conf: 0.00 | GPS: (10.775671°, 106.670922° [FIX])
[14:52:20.841] [ SYSTEM_STATUS ] [STATUS] [PATH_FOLLOWING ] | Steer:  -0.27° (L) | Vel: (0.25m/s, +0.00r/s) | Pose: ( 6.21m, -0.72m) | Conf: 0.00 | GPS: (10.775671°, 106.670922° [FIX])
[14:52:22.098] [ SYSTEM_STATUS ] [STATUS] [PATH_FOLLOWING ] | Steer: +36.74° (R) | Vel: (0.25m/s, -0.32r/s) | Pose: ( 5.98m, -0.84m) | Conf: 0.00 | GPS: (10.775670°, 106.670922° [FIX])
[14:52:23.294] [ SYSTEM_STATUS ] [STATUS] [PATH_FOLLOWING ] | Steer:  +0.51° (R) | Vel: (0.25m/s, -0.00r/s) | Pose: ( 5.73m, -0.86m) | Conf: 0.00 | GPS: (10.775671°, 106.670922° [FIX])
