================================================================================
 ROBOT SYSTEM RUN LOG | STARTED: 2026-08-09 00:32:39
 CSV Telemetry File : logs/telemetry_2026-08-09_00-32-39.csv
 Text System Log File: logs/system_run_2026-08-09_00-32-39.log
================================================================================
[00:32:39.700] [ SYSTEM_START  ] Telemetry and Logging system started cleanly.
[00:32:40.403] [ SYSTEM_STATUS ] [STATUS] [   TRACKING    ] | Steer:  +0.00° (C) | Vel: (0.45m/s, -0.00r/s) | Pose: ( 0.20m, -0.00m) | Conf: 0.00 | GPS: (10.775671°, 106.670876° [FIX])
[00:32:41.585] [ SYSTEM_STATUS ] [STATUS] [   TRACKING    ] | Steer:  +0.00° (C) | Vel: (0.45m/s, -0.00r/s) | Pose: ( 0.67m, -0.00m) | Conf: 0.85 | GPS: (10.775671°, 106.670878° [FIX])
[00:32:42.808] [ SYSTEM_STATUS ] [STATUS] [   TRACKING    ] | Steer:  +0.00° (C) | Vel: (0.45m/s, -0.00r/s) | Pose: ( 1.15m, -0.00m) | Conf: 1.00 | GPS: (10.775671°, 106.670879° [FIX])
[00:32:44.037] [ SYSTEM_STATUS ] [STATUS] [   TRACKING    ] | Steer:  +0.01° (R) | Vel: (0.45m/s, -0.06r/s) | Pose: ( 1.62m,  0.00m) | Conf: 1.00 | GPS: (10.775671°, 106.670882° [FIX])
[00:32:45.259] [ SYSTEM_STATUS ] [STATUS] [   TRACKING    ] | Steer:  +0.06° (R) | Vel: (0.45m/s, -0.03r/s) | Pose: ( 2.09m,  0.00m) | Conf: 1.00 | GPS: (10.775671°, 106.670885° [FIX])
[00:32:46.413] [ SYSTEM_STATUS ] [STATUS] [   TRACKING    ] | Steer:  +0.02° (R) | Vel: (0.45m/s, -0.05r/s) | Pose: ( 2.54m, -0.00m) | Conf: 1.00 | GPS: (10.775671°, 106.670887° [FIX])
[00:32:47.656] [ SYSTEM_STATUS ] [STATUS] [   TRACKING    ] | Steer:  +0.00° (C) | Vel: (0.45m/s, +0.00r/s) | Pose: ( 3.02m, -0.00m) | Conf: 0.73 | GPS: (10.775671°, 106.670889° [FIX])
[00:32:48.900] [ SYSTEM_STATUS ] [STATUS] [   TRACKING    ] | Steer:  +0.00° (C) | Vel: (0.45m/s, +0.00r/s) | Pose: ( 3.49m, -0.00m) | Conf: 1.00 | GPS: (10.775671°, 106.670891° [FIX])
[00:32:50.122] [ SYSTEM_STATUS ] [STATUS] [   TRACKING    ] | Steer:  +0.00° (C) | Vel: (0.45m/s, +0.00r/s) | Pose: ( 3.97m, -0.00m) | Conf: 1.00 | GPS: (10.775671°, 106.670893° [FIX])
[00:32:51.305] [ SYSTEM_STATUS ] [STATUS] [   TRACKING    ] | Steer:  +0.00° (C) | Vel: (0.45m/s, +0.00r/s) | Pose: ( 4.42m, -0.00m) | Conf: 1.00 | GPS: (10.775671°, 106.670895° [FIX])
[00:32:52.527] [ SYSTEM_STATUS ] [STATUS] [   TRACKING    ] | Steer:  -0.00° (C) | Vel: (0.45m/s, -0.00r/s) | Pose: ( 4.88m, -0.01m) | Conf: 1.00 | GPS: (10.775671°, 106.670898° [FIX])
[00:32:53.740] [ SYSTEM_STATUS ] [STATUS] [   TRACKING    ] | Steer:  +0.00° (C) | Vel: (0.45m/s, -0.08r/s) | Pose: ( 5.36m, -0.01m) | Conf: 0.62 | GPS: (10.775671°, 106.670900° [FIX])
[00:32:54.914] [ SYSTEM_STATUS ] [STATUS] [   TRACKING    ] | Steer:  -0.00° (C) | Vel: (0.45m/s, -0.00r/s) | Pose: ( 5.81m, -0.00m) | Conf: 1.00 | GPS: (10.775671°, 106.670902° [FIX])
[00:32:56.157] [ SYSTEM_STATUS ] [STATUS] [   TRACKING    ] | Steer:  +0.02° (R) | Vel: (0.45m/s, +0.02r/s) | Pose: ( 6.29m, -0.00m) | Conf: 0.94 | GPS: (10.775671°, 106.670904° [FIX])
[00:32:57.417] [ SYSTEM_STATUS ] [STATUS] [   TRACKING    ] | Steer:  +0.02° (R) | Vel: (0.45m/s, +0.01r/s) | Pose: ( 6.76m, -0.00m) | Conf: 1.00 | GPS: (10.775671°, 106.670906° [FIX])
[00:32:58.759] [ SYSTEM_STATUS ] [STATUS] [   TRACKING    ] | Steer:  +0.00° (C) | Vel: (0.45m/s, +0.00r/s) | Pose: ( 7.23m, -0.00m) | Conf: 1.00 | GPS: (10.775671°, 106.670908° [FIX])
[00:33:00.217] [ SYSTEM_STATUS ] [STATUS] [   TRACKING    ] | Steer:  -0.10° (L) | Vel: (0.45m/s, -0.01r/s) | Pose: ( 7.71m, -0.00m) | Conf: 0.50 | GPS: (10.775671°, 106.670910° [FIX])
[00:33:01.553] [ SYSTEM_STATUS ] [STATUS] [   TRACKING    ] | Steer:  -0.02° (L) | Vel: (0.45m/s, -0.01r/s) | Pose: ( 8.19m,  0.00m) | Conf: 1.00 | GPS: (10.775671°, 106.670912° [FIX])
[00:33:02.848] [ SYSTEM_STATUS ] [STATUS] [   TRACKING    ] | Steer:  -0.01° (L) | Vel: (0.45m/s, +0.00r/s) | Pose: ( 8.66m,  0.01m) | Conf: 0.00 | GPS: (10.775671°, 106.670915° [FIX])
[00:33:06.942] [FSM_TRANSITION ] TRACKING -> UTURN_PLANNING
[00:33:07.012] [FSM_TRANSITION ] UTURN_PLANNING -> PATH_FOLLOWING
[00:33:07.015] [ SYSTEM_STATUS ] [STATUS] [UTURN_PLANNING ] | Steer:  +0.00° (C) | Vel: (0.00m/s, +0.00r/s) | Pose: (10.27m,  0.03m) | Conf: 0.00 | GPS: (10.775671°, 106.670922° [FIX])
[00:33:08.206] [ SYSTEM_STATUS ] [STATUS] [PATH_FOLLOWING ] | Steer:  -1.51° (L) | Vel: (0.35m/s, +0.02r/s) | Pose: (10.54m,  0.17m) | Conf: 0.00 | GPS: (10.775671°, 106.670924° [FIX])
[00:33:09.454] [ SYSTEM_STATUS ] [STATUS] [PATH_FOLLOWING ] | Steer: +57.05° (R) | Vel: (0.33m/s, -0.87r/s) | Pose: (10.85m,  0.34m) | Conf: 0.00 | GPS: (10.775671°, 106.670925° [FIX])
[00:33:10.664] [ SYSTEM_STATUS ] [STATUS] [PATH_FOLLOWING ] | Steer: +53.87° (R) | Vel: (0.33m/s, -0.79r/s) | Pose: (11.19m,  0.26m) | Conf: 0.00 | GPS: (10.775672°, 106.670927° [FIX])
[00:33:11.853] [ SYSTEM_STATUS ] [STATUS] [PATH_FOLLOWING ] | Steer: +39.27° (R) | Vel: (0.34m/s, -0.48r/s) | Pose: (11.39m,  0.00m) | Conf: 0.00 | GPS: (10.775672°, 106.670928° [FIX])
[00:33:13.051] [ SYSTEM_STATUS ] [STATUS] [PATH_FOLLOWING ] | Steer: +40.74° (R) | Vel: (0.34m/s, -0.51r/s) | Pose: (11.40m, -0.34m) | Conf: 0.00 | GPS: (10.775671°, 106.670929° [FIX])
[00:33:14.240] [ SYSTEM_STATUS ] [STATUS] [PATH_FOLLOWING ] | Steer: +47.54° (R) | Vel: (0.34m/s, -0.64r/s) | Pose: (11.22m, -0.62m) | Conf: 0.00 | GPS: (10.775670°, 106.670930° [FIX])
[00:33:15.502] [ SYSTEM_STATUS ] [STATUS] [PATH_FOLLOWING ] | Steer: +16.09° (R) | Vel: (0.35m/s, -0.17r/s) | Pose: (10.88m, -0.74m) | Conf: 0.00 | GPS: (10.775668°, 106.670931° [FIX])
[00:33:16.702] [ SYSTEM_STATUS ] [STATUS] [PATH_FOLLOWING ] | Steer:  +4.53° (R) | Vel: (0.35m/s, -0.05r/s) | Pose: (10.52m, -0.78m) | Conf: 0.00 | GPS: (10.775667°, 106.670932° [FIX])
[00:33:17.934] [ SYSTEM_STATUS ] [STATUS] [PATH_FOLLOWING ] | Steer:  +1.39° (R) | Vel: (0.35m/s, -0.01r/s) | Pose: (10.15m, -0.79m) | Conf: 0.00 | GPS: (10.775666°, 106.670933° [FIX])
[00:33:19.107] [ SYSTEM_STATUS ] [STATUS] [PATH_FOLLOWING ] | Steer:  +0.35° (R) | Vel: (0.35m/s, -0.00r/s) | Pose: ( 9.80m, -0.80m) | Conf: 0.00 | GPS: (10.775664°, 106.670934° [FIX])
[00:33:20.340] [ SYSTEM_STATUS ] [STATUS] [PATH_FOLLOWING ] | Steer:  +0.17° (R) | Vel: (0.35m/s, -0.00r/s) | Pose: ( 9.43m, -0.80m) | Conf: 0.00 | GPS: (10.775663°, 106.670934° [FIX])
[00:33:21.582] [ SYSTEM_STATUS ] [STATUS] [PATH_FOLLOWING ] | Steer:  +0.04° (R) | Vel: (0.35m/s, -0.00r/s) | Pose: ( 9.06m, -0.80m) | Conf: 0.00 | GPS: (10.775661°, 106.670935° [FIX])
[00:33:22.814] [ SYSTEM_STATUS ] [STATUS] [PATH_FOLLOWING ] | Steer:  +0.01° (R) | Vel: (0.35m/s, -0.00r/s) | Pose: ( 8.69m, -0.80m) | Conf: 0.00 | GPS: (10.775660°, 106.670936° [FIX])
[00:33:24.080] [ SYSTEM_STATUS ] [STATUS] [PATH_FOLLOWING ] | Steer:  +0.00° (C) | Vel: (0.35m/s, -0.00r/s) | Pose: ( 8.32m, -0.80m) | Conf: 0.00 | GPS: (10.775658°, 106.670937° [FIX])
[00:33:25.297] [ SYSTEM_STATUS ] [STATUS] [PATH_FOLLOWING ] | Steer:  +0.00° (C) | Vel: (0.35m/s, -0.00r/s) | Pose: ( 7.95m, -0.80m) | Conf: 0.00 | GPS: (10.775656°, 106.670938° [FIX])
[00:33:26.537] [ SYSTEM_STATUS ] [STATUS] [PATH_FOLLOWING ] | Steer:  +0.00° (C) | Vel: (0.35m/s, -0.00r/s) | Pose: ( 7.58m, -0.80m) | Conf: 0.00 | GPS: (10.775655°, 106.670938° [FIX])
