================================================================================
 ROBOT SYSTEM RUN LOG | STARTED: 2026-08-08 23:43:41
 CSV Telemetry File : logs/telemetry_2026-08-08_23-43-41.csv
 Text System Log File: logs/system_run_2026-08-08_23-43-41.log
================================================================================
[23:43:41.609] [ SYSTEM_START  ] Telemetry and Logging system started cleanly.
[23:43:42.776] [ SYSTEM_STATUS ] [STATUS] [   TRACKING    ] | Steer:  +0.00° (C) | Vel: (0.45m/s, -0.00r/s) | Pose: ( 0.37m, -0.00m) | Conf: 0.19 | GPS: (10.775671°, 106.670877° [FIX])
[23:43:44.323] [ SYSTEM_STATUS ] [STATUS] [   TRACKING    ] | Steer:  +0.00° (C) | Vel: (0.45m/s, -0.00r/s) | Pose: ( 0.84m,  0.00m) | Conf: 1.00 | GPS: (10.775671°, 106.670879° [FIX])
[23:43:45.738] [ SYSTEM_STATUS ] [STATUS] [   TRACKING    ] | Steer:  +0.01° (R) | Vel: (0.45m/s, -0.01r/s) | Pose: ( 1.31m, -0.00m) | Conf: 1.00 | GPS: (10.775671°, 106.670881° [FIX])
[23:43:47.350] [ SYSTEM_STATUS ] [STATUS] [   TRACKING    ] | Steer:  -0.01° (L) | Vel: (0.45m/s, -0.00r/s) | Pose: ( 1.80m,  0.00m) | Conf: 1.00 | GPS: (10.775671°, 106.670883° [FIX])
[23:43:48.703] [ SYSTEM_STATUS ] [STATUS] [   TRACKING    ] | Steer:  +0.02° (R) | Vel: (0.45m/s, -0.01r/s) | Pose: ( 2.27m,  0.00m) | Conf: 0.90 | GPS: (10.775671°, 106.670886° [FIX])
[23:43:50.003] [ SYSTEM_STATUS ] [STATUS] [   TRACKING    ] | Steer:  +0.01° (R) | Vel: (0.45m/s, -0.00r/s) | Pose: ( 2.74m, -0.00m) | Conf: 1.00 | GPS: (10.775671°, 106.670888° [FIX])
[23:43:51.399] [ SYSTEM_STATUS ] [STATUS] [   TRACKING    ] | Steer:  -0.00° (C) | Vel: (0.45m/s, -0.00r/s) | Pose: ( 3.21m, -0.00m) | Conf: 1.00 | GPS: (10.775671°, 106.670890° [FIX])
[23:43:52.689] [ SYSTEM_STATUS ] [STATUS] [   TRACKING    ] | Steer:  -0.00° (C) | Vel: (0.45m/s, -0.00r/s) | Pose: ( 3.69m, -0.00m) | Conf: 1.00 | GPS: (10.775671°, 106.670892° [FIX])
[23:43:54.040] [ SYSTEM_STATUS ] [STATUS] [   TRACKING    ] | Steer:  -0.00° (C) | Vel: (0.45m/s, -0.00r/s) | Pose: ( 4.14m, -0.00m) | Conf: 1.00 | GPS: (10.775671°, 106.670894° [FIX])
[23:43:55.364] [ SYSTEM_STATUS ] [STATUS] [   TRACKING    ] | Steer:  -0.00° (C) | Vel: (0.45m/s, -0.00r/s) | Pose: ( 4.61m, -0.00m) | Conf: 0.75 | GPS: (10.775671°, 106.670896° [FIX])
[23:43:56.655] [ SYSTEM_STATUS ] [STATUS] [   TRACKING    ] | Steer:  -0.00° (C) | Vel: (0.45m/s, -0.00r/s) | Pose: ( 5.09m, -0.01m) | Conf: 1.00 | GPS: (10.775671°, 106.670898° [FIX])
[23:43:57.954] [ SYSTEM_STATUS ] [STATUS] [   TRACKING    ] | Steer:  -0.02° (L) | Vel: (0.45m/s, +0.00r/s) | Pose: ( 5.57m, -0.01m) | Conf: 1.00 | GPS: (10.775671°, 106.670900° [FIX])
[23:43:59.256] [ SYSTEM_STATUS ] [STATUS] [   TRACKING    ] | Steer:  -0.01° (L) | Vel: (0.45m/s, +0.00r/s) | Pose: ( 6.04m, -0.00m) | Conf: 1.00 | GPS: (10.775671°, 106.670903° [FIX])
[23:44:00.518] [ SYSTEM_STATUS ] [STATUS] [   TRACKING    ] | Steer:  +0.01° (R) | Vel: (0.45m/s, -0.00r/s) | Pose: ( 6.49m, -0.00m) | Conf: 1.00 | GPS: (10.775671°, 106.670905° [FIX])
[23:44:01.849] [ SYSTEM_STATUS ] [STATUS] [   TRACKING    ] | Steer:  +0.01° (R) | Vel: (0.45m/s, -0.00r/s) | Pose: ( 6.95m,  0.00m) | Conf: 0.60 | GPS: (10.775671°, 106.670907° [FIX])
[23:44:03.160] [ SYSTEM_STATUS ] [STATUS] [   TRACKING    ] | Steer:  +0.01° (R) | Vel: (0.45m/s, -0.01r/s) | Pose: ( 7.43m, -0.00m) | Conf: 1.00 | GPS: (10.775671°, 106.670909° [FIX])
[23:44:04.496] [ SYSTEM_STATUS ] [STATUS] [   TRACKING    ] | Steer:  -0.03° (L) | Vel: (0.45m/s, +0.01r/s) | Pose: ( 7.88m, -0.00m) | Conf: 0.87 | GPS: (10.775671°, 106.670911° [FIX])
[23:44:05.790] [ SYSTEM_STATUS ] [STATUS] [   TRACKING    ] | Steer:  -0.02° (L) | Vel: (0.45m/s, +0.00r/s) | Pose: ( 8.36m,  0.00m) | Conf: 1.00 | GPS: (10.775671°, 106.670913° [FIX])
[23:44:07.975] [FSM_TRANSITION ] TRACKING -> UTURN_PLANNING
[23:44:08.073] [FSM_TRANSITION ] UTURN_PLANNING -> PATH_FOLLOWING
[23:44:08.076] [ SYSTEM_STATUS ] [STATUS] [UTURN_PLANNING ] | Steer:  +0.00° (C) | Vel: (0.00m/s, +0.00r/s) | Pose: ( 9.16m,  0.01m) | Conf: 0.00 | GPS: (10.775671°, 106.670917° [FIX])
[23:44:09.393] [ SYSTEM_STATUS ] [STATUS] [PATH_FOLLOWING ] | Steer: +80.75° (R) | Vel: (0.14m/s, -1.50r/s) | Pose: ( 9.18m, -0.01m) | Conf: 0.00 | GPS: (10.775671°, 106.670917° [FIX])
[23:44:09.711] [FSM_TRANSITION ] PATH_FOLLOWING -> TRACKING
[23:44:10.684] [ SYSTEM_STATUS ] [STATUS] [   TRACKING    ] | Steer:  +1.28° (R) | Vel: (0.45m/s, -0.20r/s) | Pose: ( 9.03m, -0.34m) | Conf: 1.00 | GPS: (10.775671°, 106.670917° [FIX])
[23:44:12.192] [ SYSTEM_STATUS ] [STATUS] [   TRACKING    ] | Steer:  +1.40° (R) | Vel: (0.45m/s, -0.25r/s) | Pose: ( 8.69m, -0.65m) | Conf: 1.00 | GPS: (10.775672°, 106.670917° [FIX])
[23:44:13.550] [ SYSTEM_STATUS ] [STATUS] [   TRACKING    ] | Steer:  +0.57° (R) | Vel: (0.45m/s, -0.01r/s) | Pose: ( 8.25m, -0.84m) | Conf: 0.00 | GPS: (10.775673°, 106.670916° [FIX])
[23:44:14.902] [ SYSTEM_STATUS ] [STATUS] [   TRACKING    ] | Steer:  +0.11° (R) | Vel: (0.45m/s, -0.00r/s) | Pose: ( 7.80m, -0.99m) | Conf: 0.00 | GPS: (10.775673°, 106.670917° [FIX])
[23:44:16.331] [ SYSTEM_STATUS ] [STATUS] [   TRACKING    ] | Steer:  +0.02° (R) | Vel: (0.45m/s, -0.00r/s) | Pose: ( 7.34m, -1.13m) | Conf: 0.00 | GPS: (10.775673°, 106.670918° [FIX])
[23:44:17.863] [ SYSTEM_STATUS ] [STATUS] [   TRACKING    ] | Steer:  +0.00° (C) | Vel: (0.45m/s, -0.00r/s) | Pose: ( 6.89m, -1.28m) | Conf: 0.00 | GPS: (10.775673°, 106.670920° [FIX])
