================================================================================
 ROBOT SYSTEM RUN LOG | STARTED: 2026-08-09 13:32:35
 CSV Telemetry File : logs/telemetry_2026-08-09_13-32-35.csv
 Text System Log File: logs/system_run_2026-08-09_13-32-35.log
================================================================================
[13:32:35.762] [ SYSTEM_START  ] Telemetry and Logging system started cleanly.
[13:32:37.631] [ SYSTEM_STATUS ] [STATUS] [   TRACKING    ] | Steer: +0.00° | Vel: (0.45m/s, -0.00r/s) | Pose: ( 0.00m,  0.00m) | GPS: (10.775667°, 106.670889° [NO_FIX])
[13:32:38.712] [ SYSTEM_STATUS ] [STATUS] [   TRACKING    ] | Steer: +0.00° | Vel: (0.45m/s, -0.00r/s) | Pose: ( 0.35m, -0.00m) | GPS: (10.775671°, 106.670877° [FIX])
[13:32:40.201] [ SYSTEM_STATUS ] [STATUS] [   TRACKING    ] | Steer: +0.00° | Vel: (0.45m/s, -0.00r/s) | Pose: ( 0.82m,  0.00m) | GPS: (10.775671°, 106.670879° [FIX])
[13:32:41.687] [ SYSTEM_STATUS ] [STATUS] [   TRACKING    ] | Steer: +0.01° | Vel: (0.45m/s, -0.00r/s) | Pose: ( 1.28m, -0.00m) | GPS: (10.775671°, 106.670881° [FIX])
[13:32:43.198] [ SYSTEM_STATUS ] [STATUS] [   TRACKING    ] | Steer: -0.01° | Vel: (0.45m/s, +0.00r/s) | Pose: ( 1.75m,  0.00m) | GPS: (10.775671°, 106.670883° [FIX])
[13:32:44.685] [ SYSTEM_STATUS ] [STATUS] [   TRACKING    ] | Steer: +0.01° | Vel: (0.45m/s, -0.00r/s) | Pose: ( 2.22m,  0.00m) | GPS: (10.775671°, 106.670885° [FIX])
[13:32:46.145] [ SYSTEM_STATUS ] [STATUS] [   TRACKING    ] | Steer: +0.02° | Vel: (0.45m/s, -0.00r/s) | Pose: ( 2.69m,  0.00m) | GPS: (10.775671°, 106.670887° [FIX])
[13:32:47.772] [ SYSTEM_STATUS ] [STATUS] [   TRACKING    ] | Steer: +0.00° | Vel: (0.45m/s, +0.00r/s) | Pose: ( 3.17m, -0.00m) | GPS: (10.775671°, 106.670890° [FIX])
[13:32:49.246] [ SYSTEM_STATUS ] [STATUS] [   TRACKING    ] | Steer: +0.00° | Vel: (0.45m/s, +0.00r/s) | Pose: ( 3.65m, -0.00m) | GPS: (10.775671°, 106.670892° [FIX])
[13:32:50.771] [ SYSTEM_STATUS ] [STATUS] [   TRACKING    ] | Steer: +0.00° | Vel: (0.45m/s, +0.00r/s) | Pose: ( 4.11m, -0.00m) | GPS: (10.775671°, 106.670894° [FIX])
[13:32:52.144] [ SYSTEM_STATUS ] [STATUS] [   TRACKING    ] | Steer: +0.01° | Vel: (0.45m/s, -0.00r/s) | Pose: ( 4.57m, -0.00m) | GPS: (10.775671°, 106.670896° [FIX])
[13:32:53.517] [ SYSTEM_STATUS ] [STATUS] [   TRACKING    ] | Steer: +0.00° | Vel: (0.45m/s, +0.00r/s) | Pose: ( 5.02m, -0.00m) | GPS: (10.775671°, 106.670898° [FIX])
[13:32:54.983] [ SYSTEM_STATUS ] [STATUS] [   TRACKING    ] | Steer: -0.02° | Vel: (0.45m/s, +0.00r/s) | Pose: ( 5.48m, -0.00m) | GPS: (10.775671°, 106.670900° [FIX])
[13:32:56.494] [ SYSTEM_STATUS ] [STATUS] [   TRACKING    ] | Steer: -0.03° | Vel: (0.45m/s, +0.00r/s) | Pose: ( 5.96m, -0.00m) | GPS: (10.775671°, 106.670902° [FIX])
[13:32:57.939] [ SYSTEM_STATUS ] [STATUS] [   TRACKING    ] | Steer: -0.00° | Vel: (0.45m/s, -0.00r/s) | Pose: ( 6.41m, -0.00m) | GPS: (10.775671°, 106.670905° [FIX])
[13:32:59.350] [ SYSTEM_STATUS ] [STATUS] [   TRACKING    ] | Steer: +0.01° | Vel: (0.45m/s, -0.00r/s) | Pose: ( 6.88m, -0.00m) | GPS: (10.775671°, 106.670907° [FIX])
[13:33:00.755] [ SYSTEM_STATUS ] [STATUS] [   TRACKING    ] | Steer: +0.01° | Vel: (0.45m/s, -0.00r/s) | Pose: ( 7.33m, -0.00m) | GPS: (10.775671°, 106.670909° [FIX])
[13:33:02.129] [ SYSTEM_STATUS ] [STATUS] [   TRACKING    ] | Steer: -0.02° | Vel: (0.45m/s, +0.00r/s) | Pose: ( 7.78m, -0.00m) | GPS: (10.775671°, 106.670911° [FIX])
[13:33:03.539] [ SYSTEM_STATUS ] [STATUS] [   TRACKING    ] | Steer: -0.04° | Vel: (0.45m/s, +0.00r/s) | Pose: ( 8.25m,  0.00m) | GPS: (10.775671°, 106.670913° [FIX])
[13:33:12.328] [FSM_TRANSITION ] TRACKING -> UTURN_PLANNING
[13:33:12.814] [FSM_TRANSITION ] UTURN_PLANNING -> PATH_FOLLOWING
[13:33:12.821] [ SYSTEM_STATUS ] [STATUS] [UTURN_PLANNING ] | Steer: +0.00° | Vel: (0.00m/s, +0.00r/s) | Pose: (11.06m,  0.02m) | GPS: (10.775671°, 106.670926° [FIX])
[13:33:13.822] [ SYSTEM_STATUS ] [STATUS] [PATH_FOLLOWING ] | Steer: -83.68° | Vel: (0.10m/s, -1.50r/s) | Pose: (11.08m,  0.01m) | GPS: (10.775671°, 106.670926° [FIX])
[13:33:15.324] [ SYSTEM_STATUS ] [STATUS] [PATH_FOLLOWING ] | Steer: -44.85° | Vel: (0.25m/s, -0.42r/s) | Pose: (11.03m, -0.18m) | GPS: (10.775671°, 106.670927° [FIX])
[13:33:16.822] [ SYSTEM_STATUS ] [STATUS] [PATH_FOLLOWING ] | Steer: -0.83° | Vel: (0.25m/s, -0.01r/s) | Pose: (10.87m, -0.40m) | GPS: (10.775670°, 106.670927° [FIX])
[13:33:18.367] [ SYSTEM_STATUS ] [STATUS] [PATH_FOLLOWING ] | Steer: -0.02° | Vel: (0.25m/s, -0.00r/s) | Pose: (10.70m, -0.60m) | GPS: (10.775669°, 106.670928° [FIX])
[13:33:18.518] [FSM_TRANSITION ] PATH_FOLLOWING -> UTURN_EXECUTION
[13:33:19.933] [ SYSTEM_STATUS ] [STATUS] [UTURN_EXECUTION] | Steer: -73.97° | Vel: (0.25m/s, -1.50r/s) | Pose: (10.49m, -0.68m) | GPS: (10.775668°, 106.670929° [FIX])
[13:33:21.363] [ SYSTEM_STATUS ] [STATUS] [UTURN_EXECUTION] | Steer: -73.97° | Vel: (0.25m/s, -1.50r/s) | Pose: (10.39m, -0.48m) | GPS: (10.775667°, 106.670930° [FIX])
[13:33:22.865] [ SYSTEM_STATUS ] [STATUS] [UTURN_EXECUTION] | Steer: -73.97° | Vel: (0.25m/s, -1.50r/s) | Pose: (10.60m, -0.37m) | GPS: (10.775666°, 106.670930° [FIX])
[13:33:24.265] [FSM_TRANSITION ] UTURN_EXECUTION -> TRACKING
[13:33:24.366] [ SYSTEM_STATUS ] [STATUS] [   TRACKING    ] | Steer: +0.18° | Vel: (0.45m/s, -0.02r/s) | Pose: (10.71m, -0.58m) | GPS: (10.775665°, 106.670929° [FIX])
[13:33:25.753] [ SYSTEM_STATUS ] [STATUS] [   TRACKING    ] | Steer: +0.46° | Vel: (0.45m/s, +0.01r/s) | Pose: (10.54m, -0.99m) | GPS: (10.775665°, 106.670928° [FIX])
[13:33:27.189] [ SYSTEM_STATUS ] [STATUS] [   TRACKING    ] | Steer: +0.96° | Vel: (0.45m/s, -0.08r/s) | Pose: (10.34m, -1.42m) | GPS: (10.775664°, 106.670925° [FIX])
[13:33:28.755] [ SYSTEM_STATUS ] [STATUS] [   TRACKING    ] | Steer: +0.81° | Vel: (0.45m/s, -0.10r/s) | Pose: (10.12m, -1.82m) | GPS: (10.775664°, 106.670923° [FIX])
[13:33:30.204] [ SYSTEM_STATUS ] [STATUS] [   TRACKING    ] | Steer: -1.09° | Vel: (0.45m/s, +0.47r/s) | Pose: ( 9.87m, -2.20m) | GPS: (10.775663°, 106.670921° [FIX])
[13:33:31.712] [ SYSTEM_STATUS ] [STATUS] [   TRACKING    ] | Steer: +0.95° | Vel: (0.45m/s, -0.11r/s) | Pose: ( 9.62m, -2.61m) | GPS: (10.775663°, 106.670919° [FIX])
[13:33:33.145] [ SYSTEM_STATUS ] [STATUS] [   TRACKING    ] | Steer: -1.64° | Vel: (0.45m/s, +0.13r/s) | Pose: ( 9.37m, -2.98m) | GPS: (10.775663°, 106.670917° [FIX])
[13:33:34.424] [FSM_TRANSITION ] TRACKING -> REACTIVE_AVOID
[13:33:34.668] [ SYSTEM_STATUS ] [STATUS] [REACTIVE_AVOID ] | Steer: -0.56° | Vel: (0.00m/s, +0.00r/s) | Pose: ( 9.18m, -3.34m) | GPS: (10.775663°, 106.670916° [FIX])
[13:33:36.072] [ SYSTEM_STATUS ] [STATUS] [REACTIVE_AVOID ] | Steer: -0.56° | Vel: (0.00m/s, +0.00r/s) | Pose: ( 9.18m, -3.34m) | GPS: (10.775663°, 106.670916° [FIX])
[13:33:37.571] [ SYSTEM_STATUS ] [STATUS] [REACTIVE_AVOID ] | Steer: -0.56° | Vel: (0.00m/s, +0.00r/s) | Pose: ( 9.18m, -3.34m) | GPS: (10.775663°, 106.670916° [FIX])
[13:33:38.512] [FSM_TRANSITION ] REACTIVE_AVOID -> AVOID_PLANNING
[13:33:38.614] [FSM_TRANSITION ] AVOID_PLANNING -> PATH_FOLLOWING
[13:33:39.003] [ SYSTEM_STATUS ] [STATUS] [PATH_FOLLOWING ] | Steer: -88.68° | Vel: (0.02m/s, -1.50r/s) | Pose: ( 9.18m, -3.34m) | GPS: (10.775663°, 106.670916° [FIX])
[13:33:40.367] [ SYSTEM_STATUS ] [STATUS] [PATH_FOLLOWING ] | Steer: -59.29° | Vel: (0.24m/s, -0.70r/s) | Pose: ( 9.09m, -3.32m) | GPS: (10.775663°, 106.670917° [FIX])
[13:33:41.716] [ SYSTEM_STATUS ] [STATUS] [PATH_FOLLOWING ] | Steer: -1.74° | Vel: (0.25m/s, -0.01r/s) | Pose: ( 8.92m, -3.13m) | GPS: (10.775663°, 106.670916° [FIX])
[13:33:42.984] [ SYSTEM_STATUS ] [STATUS] [PATH_FOLLOWING ] | Steer: +7.73° | Vel: (0.25m/s, +0.06r/s) | Pose: ( 8.71m, -3.03m) | GPS: (10.775663°, 106.670915° [FIX])
[13:33:44.229] [ SYSTEM_STATUS ] [STATUS] [PATH_FOLLOWING ] | Steer: +0.10° | Vel: (0.25m/s, +0.00r/s) | Pose: ( 8.46m, -2.98m) | GPS: (10.775662°, 106.670913° [FIX])
[13:33:45.502] [ SYSTEM_STATUS ] [STATUS] [PATH_FOLLOWING ] | Steer: +0.00° | Vel: (0.25m/s, +0.00r/s) | Pose: ( 8.19m, -2.93m) | GPS: (10.775662°, 106.670913° [FIX])
[13:33:46.772] [ SYSTEM_STATUS ] [STATUS] [PATH_FOLLOWING ] | Steer: +66.23° | Vel: (0.23m/s, +0.91r/s) | Pose: ( 7.95m, -2.90m) | GPS: (10.775662°, 106.670913° [FIX])
[13:33:48.029] [ SYSTEM_STATUS ] [STATUS] [PATH_FOLLOWING ] | Steer: +1.75° | Vel: (0.25m/s, +0.01r/s) | Pose: ( 7.72m, -3.02m) | GPS: (10.775662°, 106.670912° [FIX])
[13:33:49.349] [ SYSTEM_STATUS ] [STATUS] [PATH_FOLLOWING ] | Steer: +0.03° | Vel: (0.25m/s, +0.00r/s) | Pose: ( 7.50m, -3.15m) | GPS: (10.775663°, 106.670912° [FIX])
[13:33:50.602] [ SYSTEM_STATUS ] [STATUS] [PATH_FOLLOWING ] | Steer: -3.49° | Vel: (0.25m/s, -0.03r/s) | Pose: ( 7.25m, -3.21m) | GPS: (10.775663°, 106.670911° [FIX])
[13:33:51.856] [ SYSTEM_STATUS ] [STATUS] [PATH_FOLLOWING ] | Steer: -0.04° | Vel: (0.25m/s, -0.00r/s) | Pose: ( 6.99m, -3.23m) | GPS: (10.775663°, 106.670911° [FIX])
