================================================================================
 ROBOT SYSTEM RUN LOG | STARTED: 2026-08-08 23:59:26
 CSV Telemetry File : logs/telemetry_2026-08-08_23-59-26.csv
 Text System Log File: logs/system_run_2026-08-08_23-59-26.log
================================================================================
[23:59:26.300] [ SYSTEM_START  ] Telemetry and Logging system started cleanly.
[23:59:28.029] [ SYSTEM_STATUS ] [STATUS] [   TRACKING    ] | Steer:  +0.00° (C) | Vel: (0.45m/s, -0.00r/s) | Pose: ( 0.00m,  0.00m) | Conf: 0.00 | GPS: (10.775667°, 106.670889° [NO_FIX])
[23:59:29.370] [ SYSTEM_STATUS ] [STATUS] [   TRACKING    ] | Steer:  +0.00° (C) | Vel: (0.45m/s, -0.00r/s) | Pose: ( 0.46m,  0.00m) | Conf: 0.37 | GPS: (10.775671°, 106.670877° [FIX])
[23:59:30.589] [ SYSTEM_STATUS ] [STATUS] [   TRACKING    ] | Steer:  +0.00° (C) | Vel: (0.45m/s, -0.00r/s) | Pose: ( 0.91m,  0.00m) | Conf: 1.00 | GPS: (10.775671°, 106.670879° [FIX])
[23:59:31.856] [ SYSTEM_STATUS ] [STATUS] [   TRACKING    ] | Steer:  -0.00° (C) | Vel: (0.45m/s, +0.01r/s) | Pose: ( 1.37m, -0.00m) | Conf: 0.67 | GPS: (10.775671°, 106.670882° [FIX])
[23:59:33.253] [ SYSTEM_STATUS ] [STATUS] [   TRACKING    ] | Steer:  -0.00° (C) | Vel: (0.45m/s, -0.00r/s) | Pose: ( 1.85m,  0.00m) | Conf: 1.00 | GPS: (10.775671°, 106.670884° [FIX])
[23:59:34.712] [ SYSTEM_STATUS ] [STATUS] [   TRACKING    ] | Steer:  +0.02° (R) | Vel: (0.45m/s, -0.01r/s) | Pose: ( 2.33m,  0.00m) | Conf: 1.00 | GPS: (10.775671°, 106.670886° [FIX])
[23:59:36.010] [ SYSTEM_STATUS ] [STATUS] [   TRACKING    ] | Steer:  +0.01° (R) | Vel: (0.45m/s, +0.00r/s) | Pose: ( 2.80m, -0.00m) | Conf: 1.00 | GPS: (10.775671°, 106.670888° [FIX])
[23:59:37.364] [ SYSTEM_STATUS ] [STATUS] [   TRACKING    ] | Steer:  -0.00° (C) | Vel: (0.45m/s, -0.00r/s) | Pose: ( 3.28m, -0.00m) | Conf: 1.00 | GPS: (10.775671°, 106.670890° [FIX])
[23:59:38.631] [ SYSTEM_STATUS ] [STATUS] [   TRACKING    ] | Steer:  -0.00° (C) | Vel: (0.45m/s, -0.00r/s) | Pose: ( 3.74m, -0.00m) | Conf: 0.58 | GPS: (10.775671°, 106.670892° [FIX])
[23:59:39.829] [ SYSTEM_STATUS ] [STATUS] [   TRACKING    ] | Steer:  -0.00° (C) | Vel: (0.45m/s, -0.00r/s) | Pose: ( 4.20m, -0.00m) | Conf: 1.00 | GPS: (10.775671°, 106.670894° [FIX])
[23:59:41.130] [ SYSTEM_STATUS ] [STATUS] [   TRACKING    ] | Steer:  -0.00° (C) | Vel: (0.45m/s, -0.00r/s) | Pose: ( 4.67m, -0.00m) | Conf: 0.90 | GPS: (10.775671°, 106.670896° [FIX])
[23:59:42.460] [ SYSTEM_STATUS ] [STATUS] [   TRACKING    ] | Steer:  -0.00° (C) | Vel: (0.45m/s, -0.00r/s) | Pose: ( 5.15m, -0.01m) | Conf: 1.00 | GPS: (10.775671°, 106.670899° [FIX])
[23:59:43.714] [ SYSTEM_STATUS ] [STATUS] [   TRACKING    ] | Steer:  -0.02° (L) | Vel: (0.45m/s, +0.00r/s) | Pose: ( 5.60m, -0.00m) | Conf: 1.00 | GPS: (10.775671°, 106.670901° [FIX])
[23:59:44.995] [ SYSTEM_STATUS ] [STATUS] [   TRACKING    ] | Steer:  -0.01° (L) | Vel: (0.45m/s, +0.00r/s) | Pose: ( 6.07m, -0.00m) | Conf: 1.00 | GPS: (10.775671°, 106.670903° [FIX])
[23:59:46.319] [ SYSTEM_STATUS ] [STATUS] [   TRACKING    ] | Steer:  +0.01° (R) | Vel: (0.45m/s, -0.00r/s) | Pose: ( 6.54m, -0.00m) | Conf: 1.00 | GPS: (10.775671°, 106.670905° [FIX])
[23:59:47.663] [ SYSTEM_STATUS ] [STATUS] [   TRACKING    ] | Steer:  +0.01° (R) | Vel: (0.45m/s, -0.00r/s) | Pose: ( 7.02m,  0.00m) | Conf: 0.77 | GPS: (10.775671°, 106.670907° [FIX])
[23:59:48.999] [ SYSTEM_STATUS ] [STATUS] [   TRACKING    ] | Steer:  +0.01° (R) | Vel: (0.45m/s, -0.00r/s) | Pose: ( 7.50m, -0.00m) | Conf: 1.00 | GPS: (10.775671°, 106.670910° [FIX])
[23:59:50.310] [ SYSTEM_STATUS ] [STATUS] [   TRACKING    ] | Steer:  -0.02° (L) | Vel: (0.45m/s, +0.00r/s) | Pose: ( 7.97m,  0.00m) | Conf: 1.00 | GPS: (10.775671°, 106.670912° [FIX])
[23:59:51.588] [ SYSTEM_STATUS ] [STATUS] [   TRACKING    ] | Steer:  -0.02° (L) | Vel: (0.45m/s, +0.00r/s) | Pose: ( 8.42m,  0.00m) | Conf: 1.00 | GPS: (10.775671°, 106.670914° [FIX])
[23:59:53.509] [FSM_TRANSITION ] TRACKING -> UTURN_PLANNING
[23:59:53.588] [FSM_TRANSITION ] UTURN_PLANNING -> PATH_FOLLOWING
[23:59:53.591] [ SYSTEM_STATUS ] [STATUS] [UTURN_PLANNING ] | Steer:  +0.00° (C) | Vel: (0.00m/s, +0.00r/s) | Pose: ( 9.14m,  0.01m) | Conf: 0.00 | GPS: (10.775671°, 106.670917° [FIX])
[23:59:54.900] [ SYSTEM_STATUS ] [STATUS] [PATH_FOLLOWING ] | Steer: +81.86° (R) | Vel: (0.12m/s, -1.50r/s) | Pose: ( 9.16m, -0.01m) | Conf: 0.00 | GPS: (10.775671°, 106.670917° [FIX])
[23:59:56.300] [ SYSTEM_STATUS ] [STATUS] [PATH_FOLLOWING ] | Steer:  +5.59° (R) | Vel: (0.25m/s, -0.04r/s) | Pose: ( 9.06m, -0.22m) | Conf: 1.00 | GPS: (10.775670°, 106.670918° [FIX])
[23:59:57.638] [ SYSTEM_STATUS ] [STATUS] [PATH_FOLLOWING ] | Steer:  +0.10° (R) | Vel: (0.25m/s, -0.00r/s) | Pose: ( 8.91m, -0.42m) | Conf: 0.85 | GPS: (10.775671°, 106.670919° [FIX])
[23:59:58.967] [FSM_TRANSITION ] PATH_FOLLOWING -> UTURN_EXECUTION
[23:59:58.971] [ SYSTEM_STATUS ] [STATUS] [PATH_FOLLOWING ] | Steer:  +0.00° (C) | Vel: (0.00m/s, +0.00r/s) | Pose: ( 8.75m, -0.63m) | Conf: 1.00 | GPS: (10.775670°, 106.670919° [FIX])
[23:59:59.048] [FSM_TRANSITION ] UTURN_EXECUTION -> TRACKING
[23:59:59.140] [FSM_TRANSITION ] TRACKING -> REACTIVE_AVOID
[00:00:00.214] [ SYSTEM_STATUS ] [STATUS] [REACTIVE_AVOID ] | Steer:  +0.00° (C) | Vel: (0.00m/s, +0.00r/s) | Pose: ( 8.74m, -0.65m) | Conf: 1.00 | GPS: (10.775670°, 106.670919° [FIX])
[00:00:01.485] [ SYSTEM_STATUS ] [STATUS] [REACTIVE_AVOID ] | Steer:  +0.00° (C) | Vel: (0.00m/s, +0.00r/s) | Pose: ( 8.74m, -0.65m) | Conf: 1.00 | GPS: (10.775670°, 106.670919° [FIX])
[00:00:02.939] [FSM_TRANSITION ] REACTIVE_AVOID -> AVOID_PLANNING
[00:00:03.025] [FSM_TRANSITION ] AVOID_PLANNING -> PATH_FOLLOWING
[00:00:03.029] [ SYSTEM_STATUS ] [STATUS] [AVOID_PLANNING ] | Steer:  +0.00° (C) | Vel: (0.00m/s, +0.00r/s) | Pose: ( 8.74m, -0.65m) | Conf: 1.00 | GPS: (10.775670°, 106.670919° [FIX])
