================================================================================
 ROBOT SYSTEM RUN LOG | STARTED: 2026-08-09 13:04:37
 CSV Telemetry File : logs/telemetry_2026-08-09_13-04-37.csv
 Text System Log File: logs/system_run_2026-08-09_13-04-37.log
================================================================================
[13:04:37.550] [ SYSTEM_START  ] Telemetry and Logging system started cleanly.
[13:04:39.860] [ SYSTEM_STATUS ] [STATUS] [   TRACKING    ] | Steer: +0.00° | Vel: (0.45m/s, -0.00r/s) | Pose: ( 0.00m, -0.00m) | GPS: (10.775667°, 106.670889° [ODOM_ESTIMATED])
[13:04:40.820] [ SYSTEM_STATUS ] [STATUS] [   TRACKING    ] | Steer: +0.00° | Vel: (0.45m/s, -0.00r/s) | Pose: ( 0.36m, -0.00m) | GPS: (10.775671°, 106.670875° [FIX])
[13:04:41.940] [ SYSTEM_STATUS ] [STATUS] [   TRACKING    ] | Steer: +0.00° | Vel: (0.45m/s, -0.00r/s) | Pose: ( 0.81m, -0.00m) | GPS: (10.775671°, 106.670877° [FIX])
[13:04:43.182] [ SYSTEM_STATUS ] [STATUS] [   TRACKING    ] | Steer: +0.00° | Vel: (0.45m/s, -0.00r/s) | Pose: ( 1.30m, -0.00m) | GPS: (10.775671°, 106.670880° [FIX])
[13:04:44.457] [ SYSTEM_STATUS ] [STATUS] [   TRACKING    ] | Steer: -0.00° | Vel: (0.45m/s, +0.00r/s) | Pose: ( 1.80m, -0.00m) | GPS: (10.775671°, 106.670882° [FIX])
[13:04:45.593] [ SYSTEM_STATUS ] [STATUS] [   TRACKING    ] | Steer: -0.02° | Vel: (0.45m/s, +0.00r/s) | Pose: ( 2.25m, -0.00m) | GPS: (10.775671°, 106.670884° [FIX])
[13:04:46.825] [ SYSTEM_STATUS ] [STATUS] [   TRACKING    ] | Steer: +0.01° | Vel: (0.45m/s, -0.00r/s) | Pose: ( 2.74m,  0.00m) | GPS: (10.775671°, 106.670886° [FIX])
[13:04:48.067] [ SYSTEM_STATUS ] [STATUS] [   TRACKING    ] | Steer: +0.01° | Vel: (0.45m/s, -0.00r/s) | Pose: ( 3.24m,  0.00m) | GPS: (10.775671°, 106.670888° [FIX])
[13:04:49.302] [ SYSTEM_STATUS ] [STATUS] [   TRACKING    ] | Steer: +0.00° | Vel: (0.45m/s, +0.00r/s) | Pose: ( 3.73m, -0.00m) | GPS: (10.775671°, 106.670891° [FIX])
[13:04:50.430] [ SYSTEM_STATUS ] [STATUS] [   TRACKING    ] | Steer: +0.00° | Vel: (0.45m/s, -0.00r/s) | Pose: ( 4.18m, -0.00m) | GPS: (10.775671°, 106.670893° [FIX])
[13:04:51.650] [ SYSTEM_STATUS ] [STATUS] [   TRACKING    ] | Steer: +0.01° | Vel: (0.45m/s, -0.00r/s) | Pose: ( 4.68m, -0.00m) | GPS: (10.775671°, 106.670895° [FIX])
[13:04:52.763] [ SYSTEM_STATUS ] [STATUS] [   TRACKING    ] | Steer: +0.00° | Vel: (0.45m/s, +0.00r/s) | Pose: ( 5.13m, -0.00m) | GPS: (10.775671°, 106.670897° [FIX])
[13:04:53.903] [ SYSTEM_STATUS ] [STATUS] [   TRACKING    ] | Steer: +0.00° | Vel: (0.45m/s, +0.00r/s) | Pose: ( 5.58m, -0.00m) | GPS: (10.775671°, 106.670899° [FIX])
[13:04:55.140] [ SYSTEM_STATUS ] [STATUS] [   TRACKING    ] | Steer: -0.03° | Vel: (0.45m/s, +0.00r/s) | Pose: ( 6.07m, -0.00m) | GPS: (10.775671°, 106.670902° [FIX])
[13:04:56.271] [ SYSTEM_STATUS ] [STATUS] [   TRACKING    ] | Steer: -0.02° | Vel: (0.45m/s, -0.00r/s) | Pose: ( 6.52m, -0.00m) | GPS: (10.775671°, 106.670904° [FIX])
[13:04:57.497] [ SYSTEM_STATUS ] [STATUS] [   TRACKING    ] | Steer: +0.00° | Vel: (0.45m/s, -0.00r/s) | Pose: ( 7.02m, -0.00m) | GPS: (10.775671°, 106.670906° [FIX])
[13:04:58.724] [ SYSTEM_STATUS ] [STATUS] [   TRACKING    ] | Steer: +0.01° | Vel: (0.45m/s, -0.00r/s) | Pose: ( 7.51m, -0.00m) | GPS: (10.775671°, 106.670908° [FIX])
[13:04:59.867] [ SYSTEM_STATUS ] [STATUS] [   TRACKING    ] | Steer: +0.02° | Vel: (0.45m/s, -0.00r/s) | Pose: ( 7.96m, -0.00m) | GPS: (10.775671°, 106.670910° [FIX])
[13:05:00.985] [ SYSTEM_STATUS ] [STATUS] [   TRACKING    ] | Steer: -0.04° | Vel: (0.45m/s, +0.00r/s) | Pose: ( 8.41m, -0.00m) | GPS: (10.775671°, 106.670912° [FIX])
[13:05:08.372] [FSM_TRANSITION ] TRACKING -> UTURN_PLANNING
[13:05:08.745] [FSM_TRANSITION ] UTURN_PLANNING -> PATH_FOLLOWING
[13:05:08.749] [ SYSTEM_STATUS ] [STATUS] [UTURN_PLANNING ] | Steer: +0.00° | Vel: (0.00m/s, +0.00r/s) | Pose: (11.39m,  0.02m) | GPS: (10.775671°, 106.670926° [FIX])
[13:05:09.610] [ SYSTEM_STATUS ] [STATUS] [PATH_FOLLOWING ] | Steer: -86.42° | Vel: (0.05m/s, -1.50r/s) | Pose: (11.40m,  0.02m) | GPS: (10.775671°, 106.670926° [FIX])
[13:05:10.733] [ SYSTEM_STATUS ] [STATUS] [PATH_FOLLOWING ] | Steer: +12.99° | Vel: (0.25m/s, +0.10r/s) | Pose: (11.35m, -0.14m) | GPS: (10.775671°, 106.670927° [FIX])
[13:05:11.876] [ SYSTEM_STATUS ] [STATUS] [PATH_FOLLOWING ] | Steer: +0.26° | Vel: (0.25m/s, +0.00r/s) | Pose: (11.20m, -0.34m) | GPS: (10.775671°, 106.670928° [FIX])
[13:05:13.001] [ SYSTEM_STATUS ] [STATUS] [PATH_FOLLOWING ] | Steer: +0.00° | Vel: (0.25m/s, +0.00r/s) | Pose: (11.06m, -0.55m) | GPS: (10.775670°, 106.670929° [FIX])
[13:05:13.441] [FSM_TRANSITION ] PATH_FOLLOWING -> UTURN_EXECUTION
[13:05:14.219] [ SYSTEM_STATUS ] [STATUS] [UTURN_EXECUTION] | Steer: -73.97° | Vel: (0.25m/s, -1.50r/s) | Pose: (10.87m, -0.70m) | GPS: (10.775669°, 106.670930° [FIX])
[13:05:15.349] [ SYSTEM_STATUS ] [STATUS] [UTURN_EXECUTION] | Steer: -73.97° | Vel: (0.25m/s, -1.50r/s) | Pose: (10.70m, -0.56m) | GPS: (10.775668°, 106.670930° [FIX])
[13:05:16.482] [ SYSTEM_STATUS ] [STATUS] [UTURN_EXECUTION] | Steer: -73.97° | Vel: (0.25m/s, -1.50r/s) | Pose: (10.82m, -0.37m) | GPS: (10.775668°, 106.670931° [FIX])
[13:05:17.734] [ SYSTEM_STATUS ] [STATUS] [UTURN_EXECUTION] | Steer: -73.97° | Vel: (0.25m/s, -1.50r/s) | Pose: (11.02m, -0.51m) | GPS: (10.775667°, 106.670931° [FIX])
[13:05:18.967] [ SYSTEM_STATUS ] [STATUS] [UTURN_EXECUTION] | Steer: -73.97° | Vel: (0.25m/s, -1.50r/s) | Pose: (10.87m, -0.70m) | GPS: (10.775666°, 106.670931° [FIX])
[13:05:20.116] [ SYSTEM_STATUS ] [STATUS] [UTURN_EXECUTION] | Steer: -73.97° | Vel: (0.25m/s, -1.50r/s) | Pose: (10.69m, -0.56m) | GPS: (10.775666°, 106.670931° [FIX])
[13:05:21.479] [ SYSTEM_STATUS ] [STATUS] [UTURN_EXECUTION] | Steer: -73.97° | Vel: (0.25m/s, -1.50r/s) | Pose: (10.85m, -0.37m) | GPS: (10.775665°, 106.670931° [FIX])
[13:05:22.735] [ SYSTEM_STATUS ] [STATUS] [UTURN_EXECUTION] | Steer: -73.97° | Vel: (0.25m/s, -1.50r/s) | Pose: (11.03m, -0.54m) | GPS: (10.775664°, 106.670931° [FIX])
[13:05:23.913] [ SYSTEM_STATUS ] [STATUS] [UTURN_EXECUTION] | Steer: -73.97° | Vel: (0.25m/s, -1.50r/s) | Pose: (10.87m, -0.70m) | GPS: (10.775663°, 106.670931° [FIX])
